<break>
[18:02:21:627] <break>
[18:02:21:898] 
[18:02:21:898] U-Boot SPL 2020.04-5.1.0+git.0a26a04408ca (Dec 28 2020 - 14:02:46 +0000)
[18:02:21:914] DDRINFO: start DRAM init
[18:02:21:914] DDRINFO: DRAM rate 3000MTS
[18:02:22:202] DDRINFO:ddrphy calibration done
[18:02:22:218] DDRINFO: ddrmix config done
[18:02:22:250] Normal Boot
[18:02:22:250] Trying to boot from MMC1
[18:02:22:394] NOTICE:  BL31: v2.2(release):toradex_imx_5.4.24_2.1.0-g0a236bda5e
[18:02:22:394] NOTICE:  BL31: Built : 12:35:55, Nov 12 2020
[18:02:22:666] 
[18:02:22:666] 
[18:02:22:666] U-Boot 2020.04-5.1.0+git.0a26a04408ca (Dec 28 2020 - 14:02:46 +0000)
[18:02:22:682] 
[18:02:22:682] CPU:   i.MX8MMQ rev1.0 1600 MHz (running at 1200 MHz)
[18:02:22:682] CPU:   Industrial temperature grade (-40C to 105C) at 30C
[18:02:22:826] Reset cause: POR
[18:02:22:826] DRAM:  2 GiB
[18:02:22:922] MMC:   FSL_SDHC: 0, FSL_SDHC: 1
[18:02:22:954] Loading Environment from MMC... OK
[18:02:23:050] Fail to setup video link
[18:02:23:050] In:    serial
[18:02:23:050] Out:   serial
[18:02:23:050] Err:   serial
[18:02:23:066] Model: Toradex Verdin iMX8M Mini Quad 2GB Wi-Fi / BT IT V1.1A, Serial# 06803999
[18:02:23:066] Carrier: Toradex Dahlia V1.0C, Serial# 00000000
[18:02:23:082] 
[18:02:23:082]  BuildInfo:
[18:02:23:082]   - ATF 0a236bd
[18:02:23:082]   - U-Boot 2020.04-5.1.0+git.0a26a04408ca
[18:02:23:082] 
[18:02:23:082] Net:   eth0: ethernet@30be0000
[18:02:23:514] Normal Boot
[18:02:23:514] Hit any key to stop autoboot:  1 <0x08><0x08><0x08> 0 
[18:02:24:522] MMC: no card present
[18:02:24:602] switch to partitions #0, OK
[18:02:24:602] mmc0(part 0) is current device
[18:02:24:618] Scanning mmc 0:1...
[18:02:24:666] Found U-Boot script /boot.scr
[18:02:24:698] 4809 bytes read in 16 ms (293 KiB/s)
[18:02:24:698] ## Executing script at 46000000
[18:02:24:698] Loading DeviceTree: imx8mm-verdin-wifi-v1.1-dev.dtb
[18:02:24:746] 63661 bytes read in 33 ms (1.8 MiB/s)
[18:02:24:762] 47 bytes read in 12 ms (2.9 KiB/s)
[18:02:24:778] Applying Overlay: verdin-imx8mm_lt8912_overlay.dtbo
[18:02:24:810] 2441 bytes read in 28 ms (85 KiB/s)
[18:02:25:178] 10368873 bytes read in 327 ms (30.2 MiB/s)
[18:02:25:546] Uncompressed size: 24773120 = 0x17A0200
[18:02:25:546] Bootargs: root=PARTUUID=fa2fe64e-02 ro rootwait console=ttymxc0,115200 console=tty1 consoleblank=0 earlycon
[18:02:25:690] ## Flattened Device Tree blob at 43000000
[18:02:25:706]    Booting using the fdt blob at 0x43000000
[18:02:25:706]    Loading Device Tree to 00000000bd6f6000, end 00000000bd728fff ... OK
[18:02:25:706] 
[18:02:25:706] Starting kernel ...
[18:02:25:722] 
[18:02:25:898] [    0.000000] Booting Linux on physical CPU 0x0000000000 [0x410fd034]
[18:02:25:898] [    0.000000] Linux version 5.4.77-31031-g322691f7b572-dirty (peter@peter-liquify-mb-l) (gcc version 9.3.0 (Ubuntu 9.3.0-17ubuntu1~20.04)) #2 SMP PREEMPT Thu Mar 25 19:26:40 CET 2021
[18:02:25:914] [    0.000000] Machine model: Toradex Verdin iMX8M Mini WB V1.1 on Dahlia Board
[18:02:25:914] [    0.000000] efi: Getting EFI parameters from FDT:
[18:02:25:930] [    0.000000] efi: UEFI not found.
[18:02:25:930] [    0.000000] Reserved memory: created CMA memory pool at 0x0000000078000000, size 640 MiB
[18:02:25:930] [    0.000000] OF: reserved mem: initialized node linux,cma, compatible id shared-dma-pool
[18:02:25:946] [    0.000000] earlycon: ec_imx6q0 at MMIO 0x0000000030860000 (options '')
[18:02:25:946] [    0.000000] printk: bootconsole [ec_imx6q0] enabled
[18:02:25:962] [    0.000000] NUMA: No NUMA configuration found
[18:02:25:962] [    0.000000] NUMA: Faking a node at [mem 0x0000000040000000-0x00000000bfffffff]
[18:02:25:962] [    0.000000] NUMA: NODE_DATA [mem 0xbfbc5500-0xbfbc6fff]
[18:02:25:978] [    0.000000] Zone ranges:
[18:02:25:978] [    0.000000]   DMA32    [mem 0x0000000040000000-0x00000000bfffffff]
[18:02:25:978] [    0.000000]   Normal   empty
[18:02:25:994] [    0.000000] Movable zone start for each node
[18:02:25:994] [    0.000000] Early memory node ranges
[18:02:25:994] [    0.000000]   node   0: [mem 0x0000000040000000-0x00000000b7ffffff]
[18:02:25:994] [    0.000000]   node   0: [mem 0x00000000b8400000-0x00000000bfffffff]
[18:02:26:010] [    0.000000] Initmem setup node 0 [mem 0x0000000040000000-0x00000000bfffffff]
[18:02:26:042] [    0.000000] psci: probing for conduit method from DT.
[18:02:26:058] [    0.000000] psci: PSCIv1.1 detected in firmware.
[18:02:26:058] [    0.000000] psci: Using standard PSCI v0.2 function IDs
[18:02:26:058] [    0.000000] psci: MIGRATE_INFO_TYPE not supported.
[18:02:26:058] [    0.000000] psci: SMC Calling Convention v1.1
[18:02:26:074] [    0.000000] percpu: Embedded 24 pages/cpu s58904 r8192 d31208 u98304
[18:02:26:074] [    0.000000] Detected VIPT I-cache on CPU0
[18:02:26:074] [    0.000000] CPU features: detected: ARM erratum 845719
[18:02:26:090] [    0.000000] CPU features: detected: GIC system register CPU interface
[18:02:26:090] [    0.000000] Speculative Store Bypass Disable mitigation not required
[18:02:26:106] [    0.000000] Built 1 zonelists, mobility grouping on.  Total pages: 515072
[18:02:26:106] [    0.000000] Policy zone: DMA32
[18:02:26:106] [    0.000000] Kernel command line: root=PARTUUID=fa2fe64e-02 ro rootwait console=ttymxc0,115200 console=tty1 consoleblank=0 earlycon
[18:02:26:122] [    0.000000] Dentry cache hash table entries: 262144 (order: 9, 2097152 bytes, linear)
[18:02:26:122] [    0.000000] Inode-cache hash table entries: 131072 (order: 8, 1048576 bytes, linear)
[18:02:26:138] [    0.000000] mem auto-init: stack:off, heap alloc:off, heap free:off
[18:02:26:186] [    0.000000] Memory: 1371840K/2093056K available (14204K kernel code, 1216K rwdata, 6196K rodata, 2496K init, 1018K bss, 65856K reserved, 655360K cma-reserved)
[18:02:26:202] [    0.000000] SLUB: HWalign=64, Order=0-3, MinObjects=0, CPUs=4, Nodes=1
[18:02:26:218] [    0.000000] rcu: Preemptible hierarchical RCU implementation.
[18:02:26:218] [    0.000000] rcu: 	RCU restricting CPUs from NR_CPUS=256 to nr_cpu_ids=4.
[18:02:26:218] [    0.000000] 	Tasks RCU enabled.
[18:02:26:234] [    0.000000] rcu: RCU calculated value of scheduler-enlistment delay is 25 jiffies.
[18:02:26:234] [    0.000000] rcu: Adjusting geometry for rcu_fanout_leaf=16, nr_cpu_ids=4
[18:02:26:250] [    0.000000] NR_IRQS: 64, nr_irqs: 64, preallocated irqs: 0
[18:02:26:250] [    0.000000] GICv3: GIC: Using split EOI/Deactivate mode
[18:02:26:250] [    0.000000] GICv3: 128 SPIs implemented
[18:02:26:250] [    0.000000] GICv3: 0 Extended SPIs implemented
[18:02:26:266] [    0.000000] GICv3: Distributor has no Range Selector support
[18:02:26:266] [    0.000000] GICv3: 16 PPIs implemented
[18:02:26:266] [    0.000000] GICv3: no VLPI support, no direct LPI support
[18:02:26:282] [    0.000000] GICv3: CPU0: found redistributor 0 region 0:0x0000000038880000
[18:02:26:282] [    0.000000] ITS: No ITS available, not enabling LPIs
[18:02:26:282] [    0.000000] random: get_random_bytes called from start_kernel+0x2b8/0x450 with crng_init=0
[18:02:26:298] [    0.000000] arch_timer: cp15 timer(s) running at 8.00MHz (phys).
[18:02:26:298] [    0.000000] clocksource: arch_sys_counter: mask: 0xffffffffffffff max_cycles: 0x1d854df40, max_idle_ns: 440795202120 ns
[18:02:26:314] [    0.000003] sched_clock: 56 bits at 8MHz, resolution 125ns, wraps every 2199023255500ns
[18:02:26:314] [    0.008413] Console: colour dummy device 80x25
[18:02:26:330] [    0.012519] printk: console [tty1] enabled
[18:02:26:330] [    0.016629] printk: bootconsole [ec_imx6q0] disabled
[18:02:26:474] [    0.000000] Booting Linux on physical CPU 0x0000000000 [0x410fd034]
[18:02:26:474] [    0.000000] Linux version 5.4.77-31031-g322691f7b572-dirty (peter@peter-liquify-mb-l) (gcc version 9.3.0 (Ubuntu 9.3.0-17ubuntu1~20.04)) #2 SMP PREEMPT Thu Mar 25 19:26:40 CET 2021
[18:02:26:490] [    0.000000] Machine model: Toradex Verdin iMX8M Mini WB V1.1 on Dahlia Board
[18:02:26:490] [    0.000000] efi: Getting EFI parameters from FDT:
[18:02:26:506] [    0.000000] efi: UEFI not found.
[18:02:26:506] [    0.000000] Reserved memory: created CMA memory pool at 0x0000000078000000, size 640 MiB
[18:02:26:506] [    0.000000] OF: reserved mem: initialized node linux,cma, compatible id shared-dma-pool
[18:02:26:522] [    0.000000] earlycon: ec_imx6q0 at MMIO 0x0000000030860000 (options '')
[18:02:26:522] [    0.000000] printk: bootconsole [ec_imx6q0] enabled
[18:02:26:538] [    0.000000] NUMA: No NUMA configuration found
[18:02:26:538] [    0.000000] NUMA: Faking a node at [mem 0x0000000040000000-0x00000000bfffffff]
[18:02:26:538] [    0.000000] NUMA: NODE_DATA [mem 0xbfbc5500-0xbfbc6fff]
[18:02:26:554] [    0.000000] Zone ranges:
[18:02:26:554] [    0.000000]   DMA32    [mem 0x0000000040000000-0x00000000bfffffff]
[18:02:26:554] [    0.000000]   Normal   empty
[18:02:26:554] [    0.000000] Movable zone start for each node
[18:02:26:570] [    0.000000] Early memory node ranges
[18:02:26:570] [    0.000000]   node   0: [mem 0x0000000040000000-0x00000000b7ffffff]
[18:02:26:570] [    0.000000]   node   0: [mem 0x00000000b8400000-0x00000000bfffffff]
[18:02:26:586] [    0.000000] Initmem setup node 0 [mem 0x0000000040000000-0x00000000bfffffff]
[18:02:26:586] [    0.000000] psci: probing for conduit method from DT.
[18:02:26:586] [    0.000000] psci: PSCIv1.1 detected in firmware.
[18:02:26:602] [    0.000000] psci: Using standard PSCI v0.2 function IDs
[18:02:26:602] [    0.000000] psci: MIGRATE_INFO_TYPE not supported.
[18:02:26:602] [    0.000000] psci: SMC Calling Convention v1.1
[18:02:26:618] [    0.000000] percpu: Embedded 24 pages/cpu s58904 r8192 d31208 u98304
[18:02:26:618] [    0.000000] Detected VIPT I-cache on CPU0
[18:02:26:618] [    0.000000] CPU features: detected: ARM erratum 845719
[18:02:26:634] [    0.000000] CPU features: detected: GIC system register CPU interface
[18:02:26:634] [    0.000000] Speculative Store Bypass Disable mitigation not required
[18:02:26:634] [    0.000000] Built 1 zonelists, mobility grouping on.  Total pages: 515072
[18:02:26:650] [    0.000000] Policy zone: DMA32
[18:02:26:650] [    0.000000] Kernel command line: root=PARTUUID=fa2fe64e-02 ro rootwait console=ttymxc0,115200 console=tty1 consoleblank=0 earlycon
[18:02:26:666] [    0.000000] Dentry cache hash table entries: 262144 (order: 9, 2097152 bytes, linear)
[18:02:26:666] [    0.000000] Inode-cache hash table entries: 131072 (order: 8, 1048576 bytes, linear)
[18:02:26:682] [    0.000000] mem auto-init: stack:off, heap alloc:off, heap free:off
[18:02:26:682] [    0.000000] Memory: 1371840K/2093056K available (14204K kernel code, 1216K rwdata, 6196K rodata, 2496K init, 1018K bss, 65856K reserved, 655360K cma-reserved)
[18:02:26:698] [    0.000000] SLUB: HWalign=64, Order=0-3, MinObjects=0, CPUs=4, Nodes=1
[18:02:26:698] [    0.000000] rcu: Preemptible hierarchical RCU implementation.
[18:02:26:714] [    0.000000] rcu: 	RCU restricting CPUs from NR_CPUS=256 to nr_cpu_ids=4.
[18:02:26:714] [    0.000000] 	Tasks RCU enabled.
[18:02:26:714] [    0.000000] rcu: RCU calculated value of scheduler-enlistment delay is 25 jiffies.
[18:02:26:730] [    0.000000] rcu: Adjusting geometry for rcu_fanout_leaf=16, nr_cpu_ids=4
[18:02:26:730] [    0.000000] NR_IRQS: 64, nr_irqs: 64, preallocated irqs: 0
[18:02:26:745] [    0.000000] GICv3: GIC: Using split EOI/Deactivate mode
[18:02:26:745] [    0.000000] GICv3: 128 SPIs implemented
[18:02:26:745] [    0.000000] GICv3: 0 Extended SPIs implemented
[18:02:26:745] [    0.000000] GICv3: Distributor has no Range Selector support
[18:02:26:762] [    0.000000] GICv3: 16 PPIs implemented
[18:02:26:762] [    0.000000] GICv3: no VLPI support, no direct LPI support
[18:02:26:762] [    0.000000] GICv3: CPU0: found redistributor 0 region 0:0x0000000038880000
[18:02:26:778] [    0.000000] ITS: No ITS available, not enabling LPIs
[18:02:26:778] [    0.000000] random: get_random_bytes called from start_kernel+0x2b8/0x450 with crng_init=0
[18:02:26:794] [    0.000000] arch_timer: cp15 timer(s) running at 8.00MHz (phys).
[18:02:26:794] [    0.000000] clocksource: arch_sys_counter: mask: 0xffffffffffffff max_cycles: 0x1d854df40, max_idle_ns: 440795202120 ns
[18:02:26:810] [    0.000003] sched_clock: 56 bits at 8MHz, resolution 125ns, wraps every 2199023255500ns
[18:02:26:810] [    0.008413] Console: colour dummy device 80x25
[18:02:26:810] [    0.012519] printk: console [tty1] enabled
[18:02:26:826] [    0.016629] printk: bootconsole [ec_imx6q0] disabled
[18:02:26:826] [    0.021673] Calibrating delay loop (skipped), value calculated using timer frequency.. 16.00 BogoMIPS (lpj=32000)
[18:02:26:842] [    0.021693] pid_max: default: 32768 minimum: 301
[18:02:26:842] [    0.021769] LSM: Security Framework initializing
[18:02:26:842] [    0.021825] Mount-cache hash table entries: 4096 (order: 3, 32768 bytes, linear)
[18:02:26:858] [    0.021844] Mountpoint-cache hash table entries: 4096 (order: 3, 32768 bytes, linear)
[18:02:26:858] [    0.022993] ASID allocator initialised with 32768 entries
[18:02:26:874] [    0.023071] rcu: Hierarchical SRCU implementation.
[18:02:26:874] [    0.024068] EFI services will not be available.
[18:02:26:874] [    0.024239] smp: Bringing up secondary CPUs ...
[18:02:26:874] [    0.024606] Detected VIPT I-cache on CPU1
[18:02:26:890] [    0.024630] GICv3: CPU1: found redistributor 1 region 0:0x00000000388a0000
[18:02:26:890] [    0.024663] CPU1: Booted secondary processor 0x0000000001 [0x410fd034]
[18:02:26:890] [    0.025048] Detected VIPT I-cache on CPU2
[18:02:26:905] [    0.025062] GICv3: CPU2: found redistributor 2 region 0:0x00000000388c0000
[18:02:26:905] [    0.025080] CPU2: Booted secondary processor 0x0000000002 [0x410fd034]
[18:02:26:922] [    0.025442] Detected VIPT I-cache on CPU3
[18:02:26:922] [    0.025456] GICv3: CPU3: found redistributor 3 region 0:0x00000000388e0000
[18:02:26:922] [    0.025473] CPU3: Booted secondary processor 0x0000000003 [0x410fd034]
[18:02:26:937] [    0.025525] smp: Brought up 1 node, 4 CPUs
[18:02:26:937] [    0.025601] SMP: Total of 4 processors activated.
[18:02:26:937] [    0.025658] CPU features: detected: 32-bit EL0 Support
[18:02:26:954] [    0.025673] CPU features: detected: CRC32 instructions
[18:02:26:954] [    0.031168] CPU: All CPU(s) started at EL2
[18:02:26:954] [    0.031194] alternatives: patching kernel code
[18:02:26:954] [    0.032556] devtmpfs: initialized
[18:02:26:970] [    0.040571] clocksource: jiffies: mask: 0xffffffff max_cycles: 0xffffffff, max_idle_ns: 7645041785100000 ns
[18:02:26:970] [    0.040610] futex hash table entries: 1024 (order: 4, 65536 bytes, linear)
[18:02:26:985] [    0.056741] pinctrl core: initialized pinctrl subsystem
[18:02:26:985] [    0.057255] DMI not present or invalid.
[18:02:26:985] [    0.057503] NET: Registered protocol family 16
[18:02:26:985] [    0.064375] DMA: preallocated 256 KiB pool for atomic allocations
[18:02:27:002] [    0.064422] audit: initializing netlink subsys (disabled)
[18:02:27:002] [    0.064675] audit: type=2000 audit(0.056:1): state=initialized audit_enabled=0 res=1
[18:02:27:018] [    0.065272] cpuidle: using governor menu
[18:02:27:018] [    0.065929] hw-breakpoint: found 6 breakpoint and 4 watchpoint registers.
[18:02:27:018] [    0.066846] Serial: AMBA PL011 UART driver
[18:02:27:034] [    0.066906] imx mu driver is registered.
[18:02:27:034] [    0.066932] imx rpmsg driver is registered.
[18:02:27:034] [    0.071441] imx8mm-pinctrl 30330000.pinctrl: initialized IMX pinctrl driver
[18:02:27:050] [    0.093962] HugeTLB registered 1.00 GiB page size, pre-allocated 0 pages
[18:02:27:050] [    0.093990] HugeTLB registered 32.0 MiB page size, pre-allocated 0 pages
[18:02:27:050] [    0.094003] HugeTLB registered 2.00 MiB page size, pre-allocated 0 pages
[18:02:27:066] [    0.094017] HugeTLB registered 64.0 KiB page size, pre-allocated 0 pages
[18:02:27:066] [    0.094873] cryptd: max_cpu_qlen set to 1000
[18:02:27:066] [    0.097853] ACPI: Interpreter disabled.
[18:02:27:082] [    0.099479] iommu: Default domain type: Translated 
[18:02:27:082] [    0.099627] vgaarb: loaded
[18:02:27:082] [    0.099901] SCSI subsystem initialized
[18:02:27:082] [    0.100250] usbcore: registered new interface driver usbfs
[18:02:27:098] [    0.100291] usbcore: registered new interface driver hub
[18:02:27:098] [    0.100349] usbcore: registered new device driver usb
[18:02:27:098] [    0.101789] mc: Linux media interface: v0.10
[18:02:27:114] [    0.101827] videodev: Linux video capture interface: v2.00
[18:02:27:114] [    0.101899] pps_core: LinuxPPS API ver. 1 registered
[18:02:27:114] [    0.101912] pps_core: Software ver. 5.3.6 - Copyright 2005-2007 Rodolfo Giometti <giometti@linux.it>
[18:02:27:130] [    0.101936] PTP clock support registered
[18:02:27:130] [    0.102077] EDAC MC: Ver: 3.0.0
[18:02:27:130] [    0.102876] No BMan portals available!
[18:02:27:145] [    0.103113] QMan: Allocated lookup table at (____ptrval____), entry count 65537
[18:02:27:145] [    0.103413] No QMan portals available!
[18:02:27:145] [    0.103853] No USDPAA memory, no 'fsl,usdpaa-mem' in device-tree
[18:02:27:162] [    0.104187] FPGA manager framework
[18:02:27:162] [    0.104278] Advanced Linux Sound Architecture Driver Initialized.
[18:02:27:162] [    0.105391] clocksource: Switched to clocksource arch_sys_counter
[18:02:27:178] [    0.105624] VFS: Disk quotas dquot_6.6.0
[18:02:27:178] [    0.105679] VFS: Dquot-cache hash table entries: 512 (order 0, 4096 bytes)
[18:02:27:178] [    0.105832] pnp: PnP ACPI: disabled
[18:02:27:194] [    0.111533] thermal_sys: Registered thermal governor 'step_wise'
[18:02:27:194] [    0.111537] thermal_sys: Registered thermal governor 'power_allocator'
[18:02:27:194] [    0.111879] NET: Registered protocol family 2
[18:02:27:210] [    0.112222] tcp_listen_portaddr_hash hash table entries: 1024 (order: 2, 16384 bytes, linear)
[18:02:27:210] [    0.112264] TCP established hash table entries: 16384 (order: 5, 131072 bytes, linear)
[18:02:27:226] [    0.112381] TCP bind hash table entries: 16384 (order: 6, 262144 bytes, linear)
[18:02:27:226] [    0.112620] TCP: Hash tables configured (established 16384 bind 16384)
[18:02:27:226] [    0.112706] UDP hash table entries: 1024 (order: 3, 32768 bytes, linear)
[18:02:27:241] [    0.112759] UDP-Lite hash table entries: 1024 (order: 3, 32768 bytes, linear)
[18:02:27:241] [    0.112900] NET: Registered protocol family 1
[18:02:27:258] [    0.113218] RPC: Registered named UNIX socket transport module.
[18:02:27:258] [    0.113231] RPC: Registered udp transport module.
[18:02:27:258] [    0.113241] RPC: Registered tcp transport module.
[18:02:27:274] [    0.113251] RPC: Registered tcp NFSv4.1 backchannel transport module.
[18:02:27:274] [    0.113270] PCI: CLS 0 bytes, default 64
[18:02:27:274] [    0.114007] hw perfevents: enabled with armv8_pmuv3 PMU driver, 7 counters available
[18:02:27:290] [    0.114387] kvm [1]: IPA Size Limit: 40bits
[18:02:27:290] [    0.114982] kvm [1]: GICv3: no GICV resource entry
[18:02:27:290] [    0.114993] kvm [1]: disabling GICv2 emulation
[18:02:27:305] [    0.115016] kvm [1]: GIC system register CPU interface enabled
[18:02:27:305] [    0.115084] kvm [1]: vgic interrupt IRQ1
[18:02:27:305] [    0.115180] kvm [1]: Hyp mode initialized successfully
[18:02:27:305] [    0.118088] Initialise system trusted keyrings
[18:02:27:321] [    0.118214] workingset: timestamp_bits=44 max_order=19 bucket_order=0
[18:02:27:321] [    0.125188] NFS: Registering the id_resolver key type
[18:02:27:321] [    0.125229] Key type id_resolver registered
[18:02:27:338] [    0.125239] Key type id_legacy registered
[18:02:27:338] [    0.125256] nfs4filelayout_init: NFSv4 File Layout Driver Registering...
[18:02:27:338] [    0.125285] jffs2: version 2.2. (NAND) <0xc2><0xa9> 2001-2006 Red Hat, Inc.
[18:02:27:354] [    0.138705] Key type asymmetric registered
[18:02:27:354] [    0.138722] Asymmetric key parser 'x509' registered
[18:02:27:354] [    0.138757] Block layer SCSI generic (bsg) driver version 0.4 loaded (major 244)
[18:02:27:370] [    0.138774] io scheduler mq-deadline registered
[18:02:27:370] [    0.138786] io scheduler kyber registered
[18:02:27:370] [    0.142286] EINJ: ACPI disabled.
[18:02:27:385] [    0.148531] mxs-dma 33000000.dma-controller: initialized
[18:02:27:385] [    0.149150] Bus freq driver module loaded
[18:02:27:385] [    0.153958] Serial: 8250/16550 driver, 4 ports, IRQ sharing enabled
[18:02:27:402] [    0.155968] 30860000.serial: ttymxc0 at MMIO 0x30860000 (irq = 36, base_baud = 1500000) is a IMX
[18:02:27:402] [    1.092307] printk: console [ttymxc0] enabled
[18:02:27:402] [    1.097178] 30880000.serial: ttymxc2 at MMIO 0x30880000 (irq = 37, base_baud = 1500000) is a IMX
[18:02:27:418] [    1.106403] 30890000.serial: ttymxc1 at MMIO 0x30890000 (irq = 38, base_baud = 1500000) is a IMX
[18:02:27:433] [    1.121169] [drm] Supports vblank timestamp caching Rev 2 (21.10.2013).
[18:02:27:433] [    1.127822] [drm] No driver support for vblank timestamp query.
[18:02:27:450] [    1.133826] imx-drm soc@0:bus@32c00000:display-subsystem: bound imx-lcdif-crtc.0 (ops lcdif_crtc_ops)
[18:02:27:450] [    1.143754] imx_sec_dsim_drv 32e10000.mipi_dsi: version number is 0x1060200
[18:02:27:465] [    1.151309] imx_sec_dsim_drv 32e10000.mipi_dsi: modalias failure on /soc@0/bus@32c00000/mipi_dsi@32e10000/port@1
[18:02:27:465] [    1.161514] imx_sec_dsim_drv 32e10000.mipi_dsi: Failed to attach bridge: 32e10000.mipi_dsi
[18:02:27:482] [    1.169797] imx_sec_dsim_drv 32e10000.mipi_dsi: failed to bind sec dsim bridge: -517
[18:02:27:498] [    1.187120] loop: module loaded
[18:02:27:498] [    1.190684] zram: Added device: zram0
[18:02:27:513] [    1.196248] imx ahci driver is registered.
[18:02:27:513] [    1.203573] libphy: Fixed MDIO Bus: probed
[18:02:27:513] [    1.207969] tun: Universal TUN/TAP device driver, 1.6
[18:02:27:529] [    1.214205] Freescale FM module, FMD API version 21.1.0
[18:02:27:529] [    1.219707] Freescale FM Ports module
[18:02:27:529] [    1.224004] VFIO - User Level meta-driver version: 0.3
[18:02:27:545] [    1.230608] ehci_hcd: USB 2.0 'Enhanced' Host Controller (EHCI) Driver
[18:02:27:545] [    1.237159] ehci-pci: EHCI PCI platform driver
[18:02:27:545] [    1.242059] usbcore: registered new interface driver usb-storage
[18:02:27:561] [    1.248141] usbcore: registered new interface driver usbserial_generic
[18:02:27:561] [    1.254702] usbserial: USB Serial support registered for generic
[18:02:27:577] [    1.260741] usbcore: registered new interface driver cp210x
[18:02:27:577] [    1.266340] usbserial: USB Serial support registered for cp210x
[18:02:27:577] [    1.272298] usbcore: registered new interface driver ftdi_sio
[18:02:27:594] [    1.278075] usbserial: USB Serial support registered for FTDI USB Serial Device
[18:02:27:594] [    1.285420] usbcore: registered new interface driver pl2303
[18:02:27:594] [    1.291020] usbserial: USB Serial support registered for pl2303
[18:02:27:609] [    1.296978] usbcore: registered new interface driver usb_serial_simple
[18:02:27:609] [    1.303534] usbserial: USB Serial support registered for carelink
[18:02:27:625] [    1.309655] usbserial: USB Serial support registered for zio
[18:02:27:625] [    1.315341] usbserial: USB Serial support registered for funsoft
[18:02:27:625] [    1.321388] usbserial: USB Serial support registered for flashloader
[18:02:27:641] [    1.327772] usbserial: USB Serial support registered for google
[18:02:27:641] [    1.333722] usbserial: USB Serial support registered for libtransistor
[18:02:27:657] [    1.340277] usbserial: USB Serial support registered for vivopay
[18:02:27:657] [    1.346312] usbserial: USB Serial support registered for moto_modem
[18:02:27:657] [    1.352612] usbserial: USB Serial support registered for motorola_tetra
[18:02:27:673] [    1.359255] usbserial: USB Serial support registered for novatel_gps
[18:02:27:673] [    1.365638] usbserial: USB Serial support registered for hp4x
[18:02:27:689] [    1.371409] usbserial: USB Serial support registered for suunto
[18:02:27:689] [    1.377358] usbserial: USB Serial support registered for siemens_mpi
[18:02:27:689] [    1.386253] input: 30370000.snvs:snvs-powerkey as /devices/platform/soc@0/soc@0:bus@30000000/30370000.snvs/30370000.snvs:snvs-powerkey/input/input0
[18:02:27:705] [    1.401013] snvs_rtc 30370000.snvs:snvs-rtc-lp: registered as rtc1
[18:02:27:721] [    1.407317] i2c /dev entries driver
[18:02:27:721] [    1.411401] mx6s-csi 32e20000.csi1_bridge: [vc_mipi] mx6s_csi_probe: Probing MX6S CSI driver: mx6s-csi
[18:02:27:737] [    1.420731] mx6s-csi 32e20000.csi1_bridge: initialising
[18:02:27:737] [    1.426041] mx6s-csi 32e20000.csi1_bridge: [vc_mipi] mx6s_csi_probe: mx6s_init_controls() OK
[18:02:27:737] [    1.434935] mxc_mipi-csi 32e30000.mipi_csi: [vc_mipi] mipi_csis_probe: Probing MIPI CSI driver: mxc_mipi-csi
[18:02:27:753] [    1.444992] CSI: Registered sensor subdevice: mxc_mipi-csi.0
[18:02:27:753] [    1.450687] mxc_mipi-csi 32e30000.mipi_csi: [vc_mipi] mipi_csis_probe: lanes: 2, hs_settle: 13, clk_settle: 2, wclk: 1, freq: 333000000
[18:02:27:770] [    1.463006] pps_ldisc: PPS line discipline registered
[18:02:27:785] [    1.471718] imx2-wdt 30280000.watchdog: timeout 60 sec (nowayout=0)
[18:02:27:785] [    1.479223] sdhci: Secure Digital Host Controller Interface driver
[18:02:27:801] [    1.485432] sdhci: Copyright(c) Pierre Ossman
[18:02:27:801] [    1.489978] Synopsys Designware Multimedia Card Interface Driver
[18:02:27:801] [    1.496550] sdhci-pltfm: SDHCI platform and OF driver helper
[18:02:27:817] [    1.503035] mmc0: CQHCI version 5.10
[18:02:27:849] [    1.538938] mmc0: SDHCI controller on 30b40000.mmc [30b40000.mmc] using ADMA
[18:02:27:849] [    1.546484] mmc1: CQHCI version 5.10
[18:02:27:865] [    1.550678] mmc2: CQHCI version 5.10
[18:02:27:865] [    1.556597] ledtrig-cpu: registered to indicate activity on CPUs
[18:02:27:881] [    1.563928] caam 30900000.crypto: device ID = 0x0a16040100000000 (Era 9)
[18:02:27:881] [    1.570686] caam 30900000.crypto: job rings = 3, qi = 0
[18:02:27:913] [    1.600680] caam algorithms registered in /proc/crypto
[18:02:27:913] [    1.610242] caam 30900000.crypto: caam pkc algorithms registered in /proc/crypto
[18:02:27:929] [    1.620417] caam_jr 30901000.jr: registering rng-caam
[18:02:27:945] [    1.634093] caam-snvs 30370000.caam-snvs: can't get snvs clock
[18:02:27:945] [    1.639993] caam-snvs 30370000.caam-snvs: violation handlers armed - non-secure state
[18:02:27:961] [    1.648042] hidraw: raw HID events driver (C) Jiri Kosina
[18:02:27:961] [    1.653641] usbcore: registered new interface driver usbhid
[18:02:27:977] [    1.659253] usbhid: USB HID core driver
[18:02:27:977] [    1.665244] No fsl,qman node
[18:02:27:977] [    1.668160] Freescale USDPAA process driver
[18:02:27:977] [    1.672368] fsl-usdpaa: no region found
[18:02:27:993] [    1.676223] Freescale USDPAA process IRQ driver
[18:02:27:993] [    1.685099] galcore: clk_get vg clock failed, disable vg!
[18:02:27:993] [    1.690885] Galcore version 6.4.0.234062
[18:02:28:025] [    1.717016] mmc0: Command Queue Engine enabled
[18:02:28:025] [    1.721531] mmc0: new HS400 MMC card at address 0001
[18:02:28:041] [    1.728143] mmcblk0: mmc0:0001 S0J56X 14.8 GiB 
[18:02:28:041] [    1.732928] mmcblk0boot0: mmc0:0001 S0J56X partition 1 31.5 MiB
[18:02:28:041] [    1.739064] mmcblk0boot1: mmc0:0001 S0J56X partition 2 31.5 MiB
[18:02:28:057] [    1.745760] mmcblk0rpmb: mmc0:0001 S0J56X partition 3 4.00 MiB, chardev (237:0)
[18:02:28:073] [    1.755643]  mmcblk0: p1 p2
[18:02:28:073] [    1.764361] hantrodec 0 : module inserted. Major = 235
[18:02:28:073] [    1.770073] hantrodec 1 : module inserted. Major = 235
[18:02:28:089] [    1.775961] hx280enc: module inserted. Major <234>
[18:02:28:105] [    1.792099] pktgen: Packet Generator for packet performance testing. Version: 2.75
[18:02:28:121] [    1.803963] NET: Registered protocol family 26
[18:02:28:121] [    1.809026] NET: Registered protocol family 10
[18:02:28:121] [    1.815011] Segment Routing with IPv6
[18:02:28:121] [    1.818745] NET: Registered protocol family 17
[18:02:28:137] [    1.823240] tsn generic netlink module v1 init...
[18:02:28:137] [    1.828004] Key type dns_resolver registered
[18:02:28:137] [    1.833287] registered taskstats version 1
[18:02:28:153] [    1.837406] Loading compiled-in X.509 certificates
[18:02:28:169] [    1.860107] GPIO line 129 (CTRL_SLEEP_MOCI#) hogged as output/high
[18:02:28:393] [    2.079254] pca9450 0-0025: Device ID=0x10
[18:02:28:393] [    2.085472] pca9450 0-0025: gpio_intr = 3
[18:02:28:393] [    2.089503] pca9450 0-0025: chip_irq=73
[18:02:28:441] [    2.133566] random: fast init done
[18:02:28:457] [    2.143701] rtc-ds1307 0-0032: oscillator failed, set time!
[18:02:28:457] [    2.149932] rtc-ds1307 0-0032: registered as rtc0
[18:02:28:473] [    2.163006] at24 0-0050: 256 byte 24c02 EEPROM, writable, 16 bytes/write
[18:02:28:473] [    2.169791] i2c i2c-0: IMX I2C adapter registered
[18:02:28:489] [    2.175334] i2c i2c-1: IMX I2C adapter registered
[18:02:28:489] [    2.181083] vc_mipi_imx 2-001a: imx_probe(): Probing v4l2 sensor at addr 0x1a - Mar 25 2021/19:26:35
[18:02:28:505] [    2.190257] vc_mipi_imx 2-001a: imx_board_setup: VC Sensor device-tree has configured 2 data-lanes: sensor_mode=0
[18:02:28:745] [    2.432764] vc_mipi_imx 2-001a: imx_board_setup(): VC FPGA found!
[18:02:28:745] [    2.438880] vc_mipi_imx 2-001a: [ MAGIC  ] [ mipi-module ]
[18:02:28:761] [    2.444383] vc_mipi_imx 2-001a: [ MANUF. ] [ Vision Components ] [ MID=0x0427 ]
[18:02:28:761] [    2.451709] vc_mipi_imx 2-001a: [ SENSOR ] [ SONY IMX327C ]
[18:02:28:761] [    2.457298] vc_mipi_imx 2-001a: [ MODULE ] [ ID=0x0327 ] [ REV=0x0002 ]
[18:02:28:777] [    2.463928] vc_mipi_imx 2-001a: [ MODES  ] [ NR=0x0002 ] [ BPM=0x0010 ]
[18:02:28:777] [    2.470556] vc_mipi_imx 2-001a: [ COLOR  ] [  C ]
[18:02:28:793] [    2.475276] vc_mipi_imx 2-001a: imx_board_setup(): Detected sensor model: 'IMX327 color'
[18:02:29:017] [    2.704129] mxc_mipi-csi 32e30000.mipi_csi: Registered sensor subdevice: vc_mipi_imx 2-001a
[18:02:29:017] [    2.712518] vc_mipi_imx 2-001a: width,height=1920,1080 bytesperline=3840 sizeimage=4147200 pix_fmt='RG10', sensor_mode=0
[18:02:29:033] [    2.723409] vc_mipi_imx 2-001a: imx_probe(): Probed VC MIPI sensor 'IMX327 color' - Mar 25 2021/19:26:35
[18:02:29:049] [    2.732955] i2c i2c-2: IMX I2C adapter registered
[18:02:29:049] [    2.743543] at24 3-0050: 256 byte 24c02 EEPROM, writable, 16 bytes/write
[18:02:29:066] [    2.752016] at24 3-0057: 256 byte 24c02 EEPROM, writable, 16 bytes/write
[18:02:29:066] [    2.758777] i2c i2c-3: IMX I2C adapter registered
[18:02:29:081] [    2.765903] [drm] Supports vblank timestamp caching Rev 2 (21.10.2013).
[18:02:29:081] [    2.766152] imx6q-pcie 33800000.pcie: host bridge /soc@0/pcie@33800000 ranges:
[18:02:29:097] [    2.772555] [drm] No driver support for vblank timestamp query.
[18:02:29:097] [    2.779813] imx6q-pcie 33800000.pcie:    IO 0x1ff80000..0x1ff8ffff -> 0x00000000
[18:02:29:097] [    2.785777] imx-drm soc@0:bus@32c00000:display-subsystem: bound imx-lcdif-crtc.0 (ops lcdif_crtc_ops)
[18:02:29:113] [    2.793140] imx6q-pcie 33800000.pcie:   MEM 0x18000000..0x1fefffff -> 0x18000000
[18:02:29:113] [    2.803018] imx_sec_dsim_drv 32e10000.mipi_dsi: version number is 0x1060200
[18:02:29:129] [    2.809834] imx6q-pcie 33800000.pcie: PLL REF_CLK is used!.
[18:02:29:129] [    2.817307] imx_sec_dsim_drv 32e10000.mipi_dsi: modalias failure on /soc@0/bus@32c00000/mipi_dsi@32e10000/port@1
[18:02:29:145] [    2.833211] imx-drm soc@0:bus@32c00000:display-subsystem: bound 32e10000.mipi_dsi (ops imx_sec_dsim_ops)
[18:02:29:161] [    2.843603] [drm] Initialized imx-drm 1.0.0 20120507 for soc@0:bus@32c00000:display-subsystem on minor 0
[18:02:29:209] [    2.905789] [drm] Cannot find any crtc or sizes
[18:02:29:225] [    2.913771] pps pps0: new PPS source ptp0
[18:02:29:241] [    2.924719] libphy: fec_enet_mii_bus: probed
[18:02:29:241] [    2.931873] fec 30be0000.ethernet eth0: registered PHC device 0
[18:02:29:257] [    2.945430] ci_hdrc ci_hdrc.1: EHCI Host Controller
[18:02:29:257] [    2.950358] ci_hdrc ci_hdrc.1: new USB bus registered, assigned bus number 1
[18:02:29:273] [    2.957767] imx6q-pcie 33800000.pcie: PCIe PLL locked after 20 us.
[18:02:29:273] [    2.965428] [drm] Cannot find any crtc or sizes
[18:02:29:289] [    2.973398] ci_hdrc ci_hdrc.1: USB 2.0 started, EHCI 1.00
[18:02:29:289] [    2.979604] hub 1-0:1.0: USB hub found
[18:02:29:289] [    2.983395] hub 1-0:1.0: 1 port detected
[18:02:29:306] [    2.989032] imx-cpufreq-dt imx-cpufreq-dt: cpu speed grade 2 mkt segment 2 supported-hw 0x4 0x4
[18:02:29:306] [    3.002732] mmc1: CQHCI version 5.10
[18:02:29:321] [    3.006377] sdhci-esdhc-imx 30b50000.mmc: Got CD GPIO
[18:02:29:353] [    3.041823] mmc1: SDHCI controller on 30b50000.mmc [30b50000.mmc] using ADMA
[18:02:29:353] [    3.050058] mmc2: CQHCI version 5.10
[18:02:29:401] [    3.085401] mmc2: SDHCI controller on 30b60000.mmc [30b60000.mmc] using ADMA
[18:02:29:401] [    3.099005] input: gpio-keys as /devices/platform/gpio-keys/input/input1
[18:02:29:417] [    3.108433] rtc-ds1307 0-0032: hctosys: unable to read the hardware clock
[18:02:29:433] [    3.118498] ALSA device list:
[18:02:29:433] [    3.121489]   No soundcards found.
[18:02:29:481] [    3.169863] mmc2: new ultra high speed SDR104 SDIO card at address 0001
[18:02:29:641] [    3.325782] usb 1-1: new high-speed USB device number 2 using ci_hdrc
[18:02:29:801] [    3.491905] hub 1-1:1.0: USB hub found
[18:02:29:801] [    3.496520] hub 1-1:1.0: 4 ports detected
[18:02:30:105] [    3.793775] usb 1-1.4: new high-speed USB device number 3 using ci_hdrc
[18:02:30:265] [    3.959690] imx6q-pcie 33800000.pcie: Phy link never came up
[18:02:30:281] [    3.965416] imx6q-pcie 33800000.pcie: failed to initialize host
[18:02:30:281] [    3.971365] imx6q-pcie 33800000.pcie: unable to add pcie port.
[18:02:30:297] [    3.983109] EXT4-fs (mmcblk0p2): INFO: recovery required on readonly filesystem
[18:02:30:297] [    3.990468] EXT4-fs (mmcblk0p2): write access will be enabled during recovery
[18:02:30:313] [    4.003054] EXT4-fs (mmcblk0p2): recovery complete
[18:02:30:313] [    4.009019] EXT4-fs (mmcblk0p2): mounted filesystem with ordered data mode. Opts: (null)
[18:02:30:329] [    4.017195] VFS: Mounted root (ext4 filesystem) readonly on device 179:2.
[18:02:30:329] [    4.026772] devtmpfs: mounted
[18:02:30:345] [    4.030431] Freeing unused kernel memory: 2496K
[18:02:30:345] [    4.035049] Run /sbin/init as init process
[18:02:30:425] [    4.108047] systemd[1]: System time before build time, advancing clock.
[18:02:30:441] [    4.124658] systemd[1]: systemd 244.3+ running in system mode. (+PAM -AUDIT -SELINUX +IMA -APPARMOR -SMACK +SYSVINIT +UTMP -LIBCRYPTSETUP -GCRYPT -GNUTLS +ACL +XZ -LZ4 -SECCOMP +BLKID -ELFUTILS +KMOD -IDN2 -IDN -PCRE2 default-hierarchy=hybrid)
[18:02:30:457] [    4.146679] systemd[1]: Detected architecture arm64.
[18:02:30:489] [    4.176797] systemd[1]: Set hostname to <verdin-imx8mm>.
[18:02:30:697] [    4.380990] systemd[1]: /lib/systemd/system/gpsd.socket:5: ListenStream= references a path below legacy directory /var/run/, updating /var/run/gpsd.sock <0xe2><0x86><0x92> /run/gpsd.sock; please update the unit file accordingly.
[18:02:30:729] [    4.419341] random: systemd: uninitialized urandom read (16 bytes read)
[18:02:30:745] [    4.428019] systemd[1]: Created slice system-getty.slice.
[18:02:30:745] [    4.433838] random: systemd: uninitialized urandom read (16 bytes read)
[18:02:30:745] [    4.441296] systemd[1]: Created slice system-serial\x2dgetty.slice.
[18:02:30:761] [    4.447855] random: systemd: uninitialized urandom read (16 bytes read)
[18:02:30:761] [    4.455440] systemd[1]: Created slice system-weston.slice.
[18:02:30:777] [    4.462144] systemd[1]: Created slice User and Session Slice.
[18:02:30:777] [    4.468330] systemd[1]: Started Dispatch Password Requests to Console Directory Watch.
[18:02:30:793] [    4.476609] systemd[1]: Started Forward Password Requests to Wall Directory Watch.
[18:02:30:793] [    4.484473] systemd[1]: Reached target Host and Network Name Lookups.
[18:02:30:809] [    4.491085] systemd[1]: Reached target Paths.
[18:02:30:809] [    4.495677] systemd[1]: Reached target Remote File Systems.
[18:02:30:809] [    4.501430] systemd[1]: Reached target Slices.
[18:02:30:809] [    4.506049] systemd[1]: Reached target Swap.
[18:02:30:841] [    4.528094] systemd[1]: Listening on RPCbind Server Activation Socket.
[18:02:30:841] [    4.535221] systemd[1]: Reached target RPC Port Mapper.
[18:02:30:857] [    4.541803] systemd[1]: Listening on Syslog Socket.
[18:02:30:857] [    4.547354] systemd[1]: Listening on initctl Compatibility Named Pipe.
[18:02:30:857] [    4.554632] systemd[1]: Listening on Journal Audit Socket.
[18:02:30:873] [    4.560603] systemd[1]: Listening on Journal Socket (/dev/log).
[18:02:30:873] [    4.567073] systemd[1]: Listening on Journal Socket.
[18:02:30:889] [    4.572720] systemd[1]: Listening on Network Service Netlink Socket.
[18:02:30:889] [    4.579635] systemd[1]: Listening on udev Control Socket.
[18:02:30:889] [    4.585450] systemd[1]: Listening on udev Kernel Socket.
[18:02:30:906] [    4.593656] systemd[1]: Mounting Huge Pages File System...
[18:02:30:906] [    4.602374] systemd[1]: Mounting POSIX Message Queue File System...
[18:02:30:921] [    4.611740] systemd[1]: Mounting Kernel Debug File System...
[18:02:30:937] [    4.620575] systemd[1]: Mounting Temporary Directory (/tmp)...
[18:02:30:937] [    4.628317] systemd[1]: Condition check resulted in Create list of static device nodes for the current kernel being skipped.
[18:02:30:953] [    4.643384] systemd[1]: Started Hardware RNG Entropy Gatherer Daemon.
[18:02:30:969] [    4.653104] systemd[1]: Starting RPC Bind...
[18:02:30:969] [    4.660374] systemd[1]: Starting File System Check on Root Device...
[18:02:30:986] [    4.671583] systemd[1]: Starting Journal Service...
[18:02:30:986] [    4.680915] systemd[1]: Starting Load Kernel Modules...
[18:02:31:001] [    4.695330] systemd[1]: Starting udev Coldplug all Devices...
[18:02:31:033] [    4.726144] systemd[1]: Started RPC Bind.
[18:02:31:049] [    4.734024] systemd[1]: Mounted Huge Pages File System.
[18:02:31:066] [    4.750220] systemd[1]: Started Journal Service.
[18:02:31:113] [    4.801926] EXT4-fs (mmcblk0p2): re-mounted. Opts: (null)
[18:02:31:145] [    4.839440] systemd-journald[247]: Received client request to flush runtime journal.
[18:02:31:801] [    5.493273] Microchip KSZ9131 Gigabit PHY 30be0000.ethernet-1:07: attached PHY driver [Microchip KSZ9131 Gigabit PHY] (mii_bus:phy_addr=30be0000.ethernet-1:07, irq=80)
[18:02:31:913] [    5.596204] audit: type=1006 audit(1616696978.624:2): pid=348 uid=0 old-auid=4294967295 auid=0 tty=(none) old-ses=4294967295 ses=1 res=1
[18:02:32:969] [    6.658817] FAT-fs (mmcblk0p1): Volume was not properly unmounted. Some data may be corrupt. Please run fsck.
[18:02:36:585] [   10.277492] random: crng init done
[18:02:36:585] [   10.280906] random: 7 urandom warning(s) missed due to ratelimiting
[18:02:37:609] 
[18:02:37:609] TDX Wayland with XWayland 5.1.0+build.4 (dunfell) verdin-imx8mm ttymxc0
[18:02:37:609] Verdin-iMX8MM_Reference-Multimedia-Image
[18:02:37:625] 
[18:02:37:625] verdin-imx8mm login:
