-- Logs begin at Fri 2021-04-23 15:48:10 UTC, end at Fri 2021-04-23 15:48:38 UTC. --
Apr 23 15:48:10 apalis-imx8 kernel: Booting Linux on physical CPU 0x0000000000 [0x410fd034]
Apr 23 15:48:10 apalis-imx8 kernel: Linux version 5.4.91-33088-g8c05b31a44c3 (peter@mb) (gcc version 9.3.0 (Ubuntu 9.3.0-17ubuntu1~20.04)) #1 SMP PREEMPT Fri Apr 23 16:06:37 CEST 2021
Apr 23 15:48:10 apalis-imx8 kernel: Machine model: Toradex Apalis iMX8QM V1.1 on Apalis Evaluation Board
Apr 23 15:48:10 apalis-imx8 kernel: efi: Getting EFI parameters from FDT:
Apr 23 15:48:10 apalis-imx8 kernel: efi: UEFI not found.
Apr 23 15:48:10 apalis-imx8 kernel: Reserved memory: created CMA memory pool at 0x0000000096000000, size 960 MiB
Apr 23 15:48:10 apalis-imx8 kernel: OF: reserved mem: initialized node linux,cma, compatible id shared-dma-pool
Apr 23 15:48:10 apalis-imx8 kernel: Reserved memory: created DMA memory pool at 0x0000000090400000, size 1 MiB
Apr 23 15:48:10 apalis-imx8 kernel: OF: reserved mem: initialized node vdevbuffer, compatible id shared-dma-pool
Apr 23 15:48:10 apalis-imx8 kernel: NUMA: No NUMA configuration found
Apr 23 15:48:10 apalis-imx8 kernel: NUMA: Faking a node at [mem 0x0000000080200000-0x00000008ffffffff]
Apr 23 15:48:10 apalis-imx8 kernel: NUMA: NODE_DATA [mem 0x8ff7c3500-0x8ff7c4fff]
Apr 23 15:48:10 apalis-imx8 kernel: Zone ranges:
Apr 23 15:48:10 apalis-imx8 kernel:   DMA32    [mem 0x0000000080200000-0x00000000ffffffff]
Apr 23 15:48:10 apalis-imx8 kernel:   Normal   [mem 0x0000000100000000-0x00000008ffffffff]
Apr 23 15:48:10 apalis-imx8 kernel: Movable zone start for each node
Apr 23 15:48:10 apalis-imx8 kernel: Early memory node ranges
Apr 23 15:48:10 apalis-imx8 kernel:   node   0: [mem 0x0000000080200000-0x0000000083ffffff]
Apr 23 15:48:10 apalis-imx8 kernel:   node   0: [mem 0x0000000086400000-0x0000000087ffffff]
Apr 23 15:48:10 apalis-imx8 kernel:   node   0: [mem 0x0000000090000000-0x00000000901fffff]
Apr 23 15:48:10 apalis-imx8 kernel:   node   0: [mem 0x0000000090500000-0x0000000091ffffff]
Apr 23 15:48:10 apalis-imx8 kernel:   node   0: [mem 0x0000000094c00000-0x0000000094ffffff]
Apr 23 15:48:10 apalis-imx8 kernel:   node   0: [mem 0x0000000095400000-0x00000000ffffffff]
Apr 23 15:48:10 apalis-imx8 kernel:   node   0: [mem 0x0000000880000000-0x00000008ffffffff]
Apr 23 15:48:10 apalis-imx8 kernel: Initmem setup node 0 [mem 0x0000000080200000-0x00000008ffffffff]
Apr 23 15:48:10 apalis-imx8 kernel: On node 0 totalpages: 993024
Apr 23 15:48:10 apalis-imx8 kernel:   DMA32 zone: 7324 pages used for memmap
Apr 23 15:48:10 apalis-imx8 kernel:   DMA32 zone: 0 pages reserved
Apr 23 15:48:10 apalis-imx8 kernel:   DMA32 zone: 468736 pages, LIFO batch:63
Apr 23 15:48:10 apalis-imx8 kernel:   Normal zone: 8192 pages used for memmap
Apr 23 15:48:10 apalis-imx8 kernel:   Normal zone: 524288 pages, LIFO batch:63
Apr 23 15:48:10 apalis-imx8 kernel: psci: probing for conduit method from DT.
Apr 23 15:48:10 apalis-imx8 kernel: psci: PSCIv1.1 detected in firmware.
Apr 23 15:48:10 apalis-imx8 kernel: psci: Using standard PSCI v0.2 function IDs
Apr 23 15:48:10 apalis-imx8 kernel: psci: MIGRATE_INFO_TYPE not supported.
Apr 23 15:48:10 apalis-imx8 kernel: psci: SMC Calling Convention v1.1
Apr 23 15:48:10 apalis-imx8 kernel: percpu: Embedded 24 pages/cpu s58904 r8192 d31208 u98304
Apr 23 15:48:10 apalis-imx8 kernel: pcpu-alloc: s58904 r8192 d31208 u98304 alloc=24*4096
Apr 23 15:48:10 apalis-imx8 kernel: pcpu-alloc: [0] 0 [0] 1 [0] 2 [0] 3 [0] 4 [0] 5 
Apr 23 15:48:10 apalis-imx8 kernel: Detected VIPT I-cache on CPU0
Apr 23 15:48:10 apalis-imx8 kernel: CPU features: detected: ARM erratum 845719
Apr 23 15:48:10 apalis-imx8 kernel: CPU features: detected: GIC system register CPU interface
Apr 23 15:48:10 apalis-imx8 kernel: Speculative Store Bypass Disable mitigation not required
Apr 23 15:48:10 apalis-imx8 kernel: Built 1 zonelists, mobility grouping on.  Total pages: 977508
Apr 23 15:48:10 apalis-imx8 kernel: Policy zone: Normal
Apr 23 15:48:10 apalis-imx8 kernel: Kernel command line: pci=nomsi root=PARTUUID=3942b4fd-02 ro rootwait
Apr 23 15:48:10 apalis-imx8 kernel: Dentry cache hash table entries: 524288 (order: 10, 4194304 bytes, linear)
Apr 23 15:48:10 apalis-imx8 kernel: Inode-cache hash table entries: 262144 (order: 9, 2097152 bytes, linear)
Apr 23 15:48:10 apalis-imx8 kernel: mem auto-init: stack:off, heap alloc:off, heap free:off
Apr 23 15:48:10 apalis-imx8 kernel: software IO TLB: mapped [mem 0xf9601000-0xfd601000] (64MB)
Apr 23 15:48:10 apalis-imx8 kernel: Memory: 2817256K/3972096K available (14204K kernel code, 1006K rwdata, 6224K rodata, 2496K init, 1015K bss, 171800K reserved, 983040K cma-reserved)
Apr 23 15:48:10 apalis-imx8 kernel: SLUB: HWalign=64, Order=0-3, MinObjects=0, CPUs=6, Nodes=1
Apr 23 15:48:10 apalis-imx8 kernel: rcu: Preemptible hierarchical RCU implementation.
Apr 23 15:48:10 apalis-imx8 kernel: rcu:         RCU restricting CPUs from NR_CPUS=256 to nr_cpu_ids=6.
Apr 23 15:48:10 apalis-imx8 kernel:         Tasks RCU enabled.
Apr 23 15:48:10 apalis-imx8 kernel: rcu: RCU calculated value of scheduler-enlistment delay is 25 jiffies.
Apr 23 15:48:10 apalis-imx8 kernel: rcu: Adjusting geometry for rcu_fanout_leaf=16, nr_cpu_ids=6
Apr 23 15:48:10 apalis-imx8 kernel: NR_IRQS: 64, nr_irqs: 64, preallocated irqs: 0
Apr 23 15:48:10 apalis-imx8 kernel: GICv3: GIC: Using split EOI/Deactivate mode
Apr 23 15:48:10 apalis-imx8 kernel: GICv3: 512 SPIs implemented
Apr 23 15:48:10 apalis-imx8 kernel: GICv3: 0 Extended SPIs implemented
Apr 23 15:48:10 apalis-imx8 kernel: GICv3: Distributor has no Range Selector support
Apr 23 15:48:10 apalis-imx8 kernel: GICv3: 16 PPIs implemented
Apr 23 15:48:10 apalis-imx8 kernel: GICv3: no VLPI support, no direct LPI support
Apr 23 15:48:10 apalis-imx8 kernel: GICv3: CPU0: found redistributor 0 region 0:0x0000000051b00000
Apr 23 15:48:10 apalis-imx8 kernel: ITS: No ITS available, not enabling LPIs
Apr 23 15:48:10 apalis-imx8 kernel: random: get_random_bytes called from start_kernel+0x2b8/0x450 with crng_init=0
Apr 23 15:48:10 apalis-imx8 kernel: arch_timer: cp15 timer(s) running at 8.00MHz (phys).
Apr 23 15:48:10 apalis-imx8 kernel: clocksource: arch_sys_counter: mask: 0xffffffffffffff max_cycles: 0x1d854df40, max_idle_ns: 440795202120 ns
Apr 23 15:48:10 apalis-imx8 kernel: sched_clock: 56 bits at 8MHz, resolution 125ns, wraps every 2199023255500ns
Apr 23 15:48:10 apalis-imx8 kernel: Console: colour dummy device 80x25
Apr 23 15:48:10 apalis-imx8 kernel: printk: console [tty0] enabled
Apr 23 15:48:10 apalis-imx8 kernel: Calibrating delay loop (skipped), value calculated using timer frequency.. 16.00 BogoMIPS (lpj=32000)
Apr 23 15:48:10 apalis-imx8 kernel: pid_max: default: 32768 minimum: 301
Apr 23 15:48:10 apalis-imx8 kernel: LSM: Security Framework initializing
Apr 23 15:48:10 apalis-imx8 kernel: Mount-cache hash table entries: 8192 (order: 4, 65536 bytes, linear)
Apr 23 15:48:10 apalis-imx8 kernel: Mountpoint-cache hash table entries: 8192 (order: 4, 65536 bytes, linear)
Apr 23 15:48:10 apalis-imx8 kernel: ASID allocator initialised with 32768 entries
Apr 23 15:48:10 apalis-imx8 kernel: rcu: Hierarchical SRCU implementation.
Apr 23 15:48:10 apalis-imx8 kernel: EFI services will not be available.
Apr 23 15:48:10 apalis-imx8 kernel: smp: Bringing up secondary CPUs ...
Apr 23 15:48:10 apalis-imx8 kernel: Detected VIPT I-cache on CPU1
Apr 23 15:48:10 apalis-imx8 kernel: GICv3: CPU1: found redistributor 1 region 0:0x0000000051b20000
Apr 23 15:48:10 apalis-imx8 kernel: CPU1: Booted secondary processor 0x0000000001 [0x410fd034]
Apr 23 15:48:10 apalis-imx8 kernel: Detected VIPT I-cache on CPU2
Apr 23 15:48:10 apalis-imx8 kernel: GICv3: CPU2: found redistributor 2 region 0:0x0000000051b40000
Apr 23 15:48:10 apalis-imx8 kernel: CPU2: Booted secondary processor 0x0000000002 [0x410fd034]
Apr 23 15:48:10 apalis-imx8 kernel: Detected VIPT I-cache on CPU3
Apr 23 15:48:10 apalis-imx8 kernel: GICv3: CPU3: found redistributor 3 region 0:0x0000000051b60000
Apr 23 15:48:10 apalis-imx8 kernel: CPU3: Booted secondary processor 0x0000000003 [0x410fd034]
Apr 23 15:48:10 apalis-imx8 kernel: CPU features: detected: EL2 vector hardening
Apr 23 15:48:10 apalis-imx8 kernel: CPU features: detected: Branch predictor hardening
Apr 23 15:48:10 apalis-imx8 kernel: Detected PIPT I-cache on CPU4
Apr 23 15:48:10 apalis-imx8 kernel: GICv3: CPU4: found redistributor 100 region 0:0x0000000051b80000
Apr 23 15:48:10 apalis-imx8 kernel: CPU4: Booted secondary processor 0x0000000100 [0x410fd082]
Apr 23 15:48:10 apalis-imx8 kernel: Detected PIPT I-cache on CPU5
Apr 23 15:48:10 apalis-imx8 kernel: GICv3: CPU5: found redistributor 101 region 0:0x0000000051ba0000
Apr 23 15:48:10 apalis-imx8 kernel: CPU5: Booted secondary processor 0x0000000101 [0x410fd082]
Apr 23 15:48:10 apalis-imx8 kernel: smp: Brought up 1 node, 6 CPUs
Apr 23 15:48:10 apalis-imx8 kernel: SMP: Total of 6 processors activated.
Apr 23 15:48:10 apalis-imx8 kernel: CPU features: detected: 32-bit EL0 Support
Apr 23 15:48:10 apalis-imx8 kernel: CPU features: detected: CRC32 instructions
Apr 23 15:48:10 apalis-imx8 kernel: CPU: All CPU(s) started at EL2
Apr 23 15:48:10 apalis-imx8 kernel: alternatives: patching kernel code
Apr 23 15:48:10 apalis-imx8 kernel: devtmpfs: initialized
Apr 23 15:48:10 apalis-imx8 kernel: clocksource: jiffies: mask: 0xffffffff max_cycles: 0xffffffff, max_idle_ns: 7645041785100000 ns
Apr 23 15:48:10 apalis-imx8 kernel: futex hash table entries: 2048 (order: 5, 131072 bytes, linear)
Apr 23 15:48:10 apalis-imx8 kernel: pinctrl core: initialized pinctrl subsystem
Apr 23 15:48:10 apalis-imx8 kernel: DMI not present or invalid.
Apr 23 15:48:10 apalis-imx8 kernel: NET: Registered protocol family 16
Apr 23 15:48:10 apalis-imx8 kernel: DMA: preallocated 256 KiB pool for atomic allocations
Apr 23 15:48:10 apalis-imx8 kernel: audit: initializing netlink subsys (disabled)
Apr 23 15:48:10 apalis-imx8 kernel: audit: type=2000 audit(0.068:1): state=initialized audit_enabled=0 res=1
Apr 23 15:48:10 apalis-imx8 kernel: cpuidle: using governor menu
Apr 23 15:48:10 apalis-imx8 kernel: hw-breakpoint: found 6 breakpoint and 4 watchpoint registers.
Apr 23 15:48:10 apalis-imx8 kernel: Serial: AMBA PL011 UART driver
Apr 23 15:48:10 apalis-imx8 kernel: imx mu driver is registered.
Apr 23 15:48:10 apalis-imx8 kernel: imx rpmsg driver is registered.
Apr 23 15:48:10 apalis-imx8 kernel: HugeTLB registered 1.00 GiB page size, pre-allocated 0 pages
Apr 23 15:48:10 apalis-imx8 kernel: HugeTLB registered 32.0 MiB page size, pre-allocated 0 pages
Apr 23 15:48:10 apalis-imx8 kernel: HugeTLB registered 2.00 MiB page size, pre-allocated 0 pages
Apr 23 15:48:10 apalis-imx8 kernel: HugeTLB registered 64.0 KiB page size, pre-allocated 0 pages
Apr 23 15:48:10 apalis-imx8 kernel: cryptd: max_cpu_qlen set to 1000
Apr 23 15:48:10 apalis-imx8 kernel: ACPI: Interpreter disabled.
Apr 23 15:48:10 apalis-imx8 kernel: iommu: Default domain type: Translated 
Apr 23 15:48:10 apalis-imx8 kernel: vgaarb: loaded
Apr 23 15:48:10 apalis-imx8 kernel: SCSI subsystem initialized
Apr 23 15:48:10 apalis-imx8 kernel: libata version 3.00 loaded.
Apr 23 15:48:10 apalis-imx8 kernel: usbcore: registered new interface driver usbfs
Apr 23 15:48:10 apalis-imx8 kernel: usbcore: registered new interface driver hub
Apr 23 15:48:10 apalis-imx8 kernel: usbcore: registered new device driver usb
Apr 23 15:48:10 apalis-imx8 kernel: mc: Linux media interface: v0.10
Apr 23 15:48:10 apalis-imx8 kernel: videodev: Linux video capture interface: v2.00
Apr 23 15:48:10 apalis-imx8 kernel: pps_core: LinuxPPS API ver. 1 registered
Apr 23 15:48:10 apalis-imx8 kernel: pps_core: Software ver. 5.3.6 - Copyright 2005-2007 Rodolfo Giometti <giometti@linux.it>
Apr 23 15:48:10 apalis-imx8 kernel: PTP clock support registered
Apr 23 15:48:10 apalis-imx8 kernel: EDAC MC: Ver: 3.0.0
Apr 23 15:48:10 apalis-imx8 kernel: No BMan portals available!
Apr 23 15:48:10 apalis-imx8 kernel: QMan: Allocated lookup table at (____ptrval____), entry count 65537
Apr 23 15:48:10 apalis-imx8 kernel: No QMan portals available!
Apr 23 15:48:10 apalis-imx8 kernel: No USDPAA memory, no 'fsl,usdpaa-mem' in device-tree
Apr 23 15:48:10 apalis-imx8 kernel: FPGA manager framework
Apr 23 15:48:10 apalis-imx8 kernel: Advanced Linux Sound Architecture Driver Initialized.
Apr 23 15:48:10 apalis-imx8 kernel: imx-scu scu: NXP i.MX SCU Initialized
Apr 23 15:48:10 apalis-imx8 kernel: random: fast init done
Apr 23 15:48:10 apalis-imx8 kernel: imx8qm-pinctrl scu:pinctrl: initialized IMX pinctrl driver
Apr 23 15:48:10 apalis-imx8 kernel: clocksource: Switched to clocksource arch_sys_counter
Apr 23 15:48:10 apalis-imx8 kernel: VFS: Disk quotas dquot_6.6.0
Apr 23 15:48:10 apalis-imx8 kernel: VFS: Dquot-cache hash table entries: 512 (order 0, 4096 bytes)
Apr 23 15:48:10 apalis-imx8 kernel: pnp: PnP ACPI: disabled
Apr 23 15:48:10 apalis-imx8 kernel: thermal_sys: Registered thermal governor 'step_wise'
Apr 23 15:48:10 apalis-imx8 kernel: thermal_sys: Registered thermal governor 'power_allocator'
Apr 23 15:48:10 apalis-imx8 kernel: NET: Registered protocol family 2
Apr 23 15:48:10 apalis-imx8 kernel: tcp_listen_portaddr_hash hash table entries: 2048 (order: 3, 32768 bytes, linear)
Apr 23 15:48:10 apalis-imx8 kernel: TCP established hash table entries: 32768 (order: 6, 262144 bytes, linear)
Apr 23 15:48:10 apalis-imx8 kernel: TCP bind hash table entries: 32768 (order: 7, 524288 bytes, linear)
Apr 23 15:48:10 apalis-imx8 kernel: TCP: Hash tables configured (established 32768 bind 32768)
Apr 23 15:48:10 apalis-imx8 kernel: UDP hash table entries: 2048 (order: 4, 65536 bytes, linear)
Apr 23 15:48:10 apalis-imx8 kernel: UDP-Lite hash table entries: 2048 (order: 4, 65536 bytes, linear)
Apr 23 15:48:10 apalis-imx8 kernel: NET: Registered protocol family 1
Apr 23 15:48:10 apalis-imx8 kernel: RPC: Registered named UNIX socket transport module.
Apr 23 15:48:10 apalis-imx8 kernel: RPC: Registered udp transport module.
Apr 23 15:48:10 apalis-imx8 kernel: RPC: Registered tcp transport module.
Apr 23 15:48:10 apalis-imx8 kernel: RPC: Registered tcp NFSv4.1 backchannel transport module.
Apr 23 15:48:10 apalis-imx8 kernel: PCI: CLS 0 bytes, default 64
Apr 23 15:48:10 apalis-imx8 kernel: hw perfevents: enabled with armv8_pmuv3 PMU driver, 7 counters available
Apr 23 15:48:10 apalis-imx8 kernel: kvm [1]: IPA Size Limit: 40bits
Apr 23 15:48:10 apalis-imx8 kernel: kvm [1]: vgic-v2@52020000
Apr 23 15:48:10 apalis-imx8 kernel: kvm [1]: GIC system register CPU interface enabled
Apr 23 15:48:10 apalis-imx8 kernel: kvm [1]: vgic interrupt IRQ1
Apr 23 15:48:10 apalis-imx8 kernel: kvm [1]: Hyp mode initialized successfully
Apr 23 15:48:10 apalis-imx8 kernel: Initialise system trusted keyrings
Apr 23 15:48:10 apalis-imx8 kernel: workingset: timestamp_bits=44 max_order=20 bucket_order=0
Apr 23 15:48:10 apalis-imx8 kernel: NFS: Registering the id_resolver key type
Apr 23 15:48:10 apalis-imx8 kernel: Key type id_resolver registered
Apr 23 15:48:10 apalis-imx8 kernel: Key type id_legacy registered
Apr 23 15:48:10 apalis-imx8 kernel: nfs4filelayout_init: NFSv4 File Layout Driver Registering...
Apr 23 15:48:10 apalis-imx8 kernel: jffs2: version 2.2. (NAND) © 2001-2006 Red Hat, Inc.
Apr 23 15:48:10 apalis-imx8 kernel: Key type asymmetric registered
Apr 23 15:48:10 apalis-imx8 kernel: Asymmetric key parser 'x509' registered
Apr 23 15:48:10 apalis-imx8 kernel: Block layer SCSI generic (bsg) driver version 0.4 loaded (major 244)
Apr 23 15:48:10 apalis-imx8 kernel: io scheduler mq-deadline registered
Apr 23 15:48:10 apalis-imx8 kernel: io scheduler kyber registered
Apr 23 15:48:10 apalis-imx8 kernel: imx6q-pcie 5f000000.pcie: 5f000000.pcie supply epdev_on not found, using dummy regulator
Apr 23 15:48:10 apalis-imx8 kernel: EINJ: ACPI disabled.
Apr 23 15:48:10 apalis-imx8 kernel: mxs-dma 5b810000.dma-apbh: initialized
Apr 23 15:48:10 apalis-imx8 kernel: Bus freq driver module loaded
Apr 23 15:48:10 apalis-imx8 kernel: Serial: 8250/16550 driver, 4 ports, IRQ sharing enabled
Apr 23 15:48:10 apalis-imx8 kernel: 5a060000.serial: ttyLP0 at MMIO 0x5a060010 (irq = 47, base_baud = 5000000) is a FSL_LPUART
Apr 23 15:48:10 apalis-imx8 kernel: fsl-lpuart 5a060000.serial: DMA tx channel request failed, operating without tx DMA
Apr 23 15:48:10 apalis-imx8 kernel: fsl-lpuart 5a060000.serial: DMA rx channel request failed, operating without rx DMA
Apr 23 15:48:10 apalis-imx8 kernel: 5a070000.serial: ttyLP1 at MMIO 0x5a070010 (irq = 48, base_baud = 5000000) is a FSL_LPUART
Apr 23 15:48:10 apalis-imx8 kernel: fsl-lpuart 5a070000.serial: Serial: Console lpuart rounded baud ratefrom 35971 to 115200
Apr 23 15:48:10 apalis-imx8 kernel: printk: console [ttyLP1] enabled
Apr 23 15:48:10 apalis-imx8 kernel: 5a080000.serial: ttyLP2 at MMIO 0x5a080010 (irq = 49, base_baud = 5000000) is a FSL_LPUART
Apr 23 15:48:10 apalis-imx8 kernel: fsl-lpuart 5a080000.serial: DMA tx channel request failed, operating without tx DMA
Apr 23 15:48:10 apalis-imx8 kernel: fsl-lpuart 5a080000.serial: DMA rx channel request failed, operating without rx DMA
Apr 23 15:48:10 apalis-imx8 kernel: 5a090000.serial: ttyLP3 at MMIO 0x5a090010 (irq = 50, base_baud = 5000000) is a FSL_LPUART
Apr 23 15:48:10 apalis-imx8 kernel: arm-smmu 51400000.iommu: probing hardware configuration...
Apr 23 15:48:10 apalis-imx8 kernel: arm-smmu 51400000.iommu: SMMUv2 with:
Apr 23 15:48:10 apalis-imx8 kernel: arm-smmu 51400000.iommu:         stage 1 translation
Apr 23 15:48:10 apalis-imx8 kernel: arm-smmu 51400000.iommu:         stage 2 translation
Apr 23 15:48:10 apalis-imx8 kernel: arm-smmu 51400000.iommu:         nested translation
Apr 23 15:48:10 apalis-imx8 kernel: arm-smmu 51400000.iommu:         stream matching with 32 register groups
Apr 23 15:48:10 apalis-imx8 kernel: arm-smmu 51400000.iommu:         32 context banks (0 stage-2 only)
Apr 23 15:48:10 apalis-imx8 kernel: arm-smmu 51400000.iommu:         Supported page sizes: 0x61311000
Apr 23 15:48:10 apalis-imx8 kernel: arm-smmu 51400000.iommu:         Stage-1: 48-bit VA -> 48-bit IPA
Apr 23 15:48:10 apalis-imx8 kernel: arm-smmu 51400000.iommu:         Stage-2: 48-bit IPA -> 48-bit PA
Apr 23 15:48:10 apalis-imx8 kernel: imx-drm display-subsystem: parent device of /bus@57240000/ldb@572410e0/lvds-channel@0 is not available
Apr 23 15:48:10 apalis-imx8 kernel: loop: module loaded
Apr 23 15:48:10 apalis-imx8 kernel: zram: Added device: zram0
Apr 23 15:48:10 apalis-imx8 kernel: ahci-imx 5f020000.sata: Adding to iommu group 0
Apr 23 15:48:10 apalis-imx8 kernel: ahci-imx 5f020000.sata: can't get sata_ext clock.
Apr 23 15:48:10 apalis-imx8 kernel: imx ahci driver is registered.
Apr 23 15:48:10 apalis-imx8 kernel: libphy: Fixed MDIO Bus: probed
Apr 23 15:48:10 apalis-imx8 kernel: tun: Universal TUN/TAP device driver, 1.6
Apr 23 15:48:10 apalis-imx8 kernel: fec 5b040000.ethernet: Adding to iommu group 1
Apr 23 15:48:10 apalis-imx8 kernel: Freescale FM module, FMD API version 21.1.0
Apr 23 15:48:10 apalis-imx8 kernel: Freescale FM Ports module
Apr 23 15:48:10 apalis-imx8 kernel: VFIO - User Level meta-driver version: 0.3
Apr 23 15:48:10 apalis-imx8 kernel: cdns-usb3 5b110000.usb3: Adding to iommu group 2
Apr 23 15:48:10 apalis-imx8 kernel: ehci_hcd: USB 2.0 'Enhanced' Host Controller (EHCI) Driver
Apr 23 15:48:10 apalis-imx8 kernel: ehci-pci: EHCI PCI platform driver
Apr 23 15:48:10 apalis-imx8 kernel: usbcore: registered new interface driver usb-storage
Apr 23 15:48:10 apalis-imx8 kernel: usbcore: registered new interface driver usbserial_generic
Apr 23 15:48:10 apalis-imx8 kernel: usbserial: USB Serial support registered for generic
Apr 23 15:48:10 apalis-imx8 kernel: usbcore: registered new interface driver cp210x
Apr 23 15:48:10 apalis-imx8 kernel: usbserial: USB Serial support registered for cp210x
Apr 23 15:48:10 apalis-imx8 kernel: usbcore: registered new interface driver ftdi_sio
Apr 23 15:48:10 apalis-imx8 kernel: usbserial: USB Serial support registered for FTDI USB Serial Device
Apr 23 15:48:10 apalis-imx8 kernel: usbcore: registered new interface driver pl2303
Apr 23 15:48:10 apalis-imx8 kernel: usbserial: USB Serial support registered for pl2303
Apr 23 15:48:10 apalis-imx8 kernel: usbcore: registered new interface driver usb_serial_simple
Apr 23 15:48:10 apalis-imx8 kernel: usbserial: USB Serial support registered for carelink
Apr 23 15:48:10 apalis-imx8 kernel: usbserial: USB Serial support registered for zio
Apr 23 15:48:10 apalis-imx8 kernel: usbserial: USB Serial support registered for funsoft
Apr 23 15:48:10 apalis-imx8 kernel: usbserial: USB Serial support registered for flashloader
Apr 23 15:48:10 apalis-imx8 kernel: usbserial: USB Serial support registered for google
Apr 23 15:48:10 apalis-imx8 kernel: usbserial: USB Serial support registered for libtransistor
Apr 23 15:48:10 apalis-imx8 kernel: usbserial: USB Serial support registered for vivopay
Apr 23 15:48:10 apalis-imx8 kernel: usbserial: USB Serial support registered for moto_modem
Apr 23 15:48:10 apalis-imx8 kernel: usbserial: USB Serial support registered for motorola_tetra
Apr 23 15:48:10 apalis-imx8 kernel: usbserial: USB Serial support registered for novatel_gps
Apr 23 15:48:10 apalis-imx8 kernel: usbserial: USB Serial support registered for hp4x
Apr 23 15:48:10 apalis-imx8 kernel: usbserial: USB Serial support registered for suunto
Apr 23 15:48:10 apalis-imx8 kernel: usbserial: USB Serial support registered for siemens_mpi
Apr 23 15:48:10 apalis-imx8 kernel: input: sc-powerkey as /devices/platform/sc-powerkey/input/input0
Apr 23 15:48:10 apalis-imx8 kernel: imx-sc-rtc scu:rtc: registered as rtc1
Apr 23 15:48:10 apalis-imx8 kernel: i2c /dev entries driver
Apr 23 15:48:10 apalis-imx8 kernel: pps_ldisc: PPS line discipline registered
Apr 23 15:48:10 apalis-imx8 kernel: sdhci: Secure Digital Host Controller Interface driver
Apr 23 15:48:10 apalis-imx8 kernel: sdhci: Copyright(c) Pierre Ossman
Apr 23 15:48:10 apalis-imx8 kernel: Synopsys Designware Multimedia Card Interface Driver
Apr 23 15:48:10 apalis-imx8 kernel: sdhci-pltfm: SDHCI platform and OF driver helper
Apr 23 15:48:10 apalis-imx8 kernel: sdhci-esdhc-imx 5b010000.mmc: Adding to iommu group 3
Apr 23 15:48:10 apalis-imx8 kernel: mmc0: SDHCI controller on 5b010000.mmc [5b010000.mmc] using ADMA
Apr 23 15:48:10 apalis-imx8 kernel: sdhci-esdhc-imx 5b020000.mmc: Adding to iommu group 3
Apr 23 15:48:10 apalis-imx8 kernel: sdhci-esdhc-imx 5b030000.mmc: Adding to iommu group 3
Apr 23 15:48:10 apalis-imx8 kernel: ledtrig-cpu: registered to indicate activity on CPUs
Apr 23 15:48:10 apalis-imx8 kernel: caam 31400000.crypto: device ID = 0x0a16040000000100 (Era 9)
Apr 23 15:48:10 apalis-imx8 kernel: caam 31400000.crypto: job rings = 2, qi = 0
Apr 23 15:48:10 apalis-imx8 kernel: caam algorithms registered in /proc/crypto
Apr 23 15:48:10 apalis-imx8 kernel: caam 31400000.crypto: caam pkc algorithms registered in /proc/crypto
Apr 23 15:48:10 apalis-imx8 kernel: caam 31400000.crypto: registering rng-caam
Apr 23 15:48:10 apalis-imx8 kernel: Device caam-keygen registered
Apr 23 15:48:10 apalis-imx8 kernel: random: crng init done
Apr 23 15:48:10 apalis-imx8 kernel: hidraw: raw HID events driver (C) Jiri Kosina
Apr 23 15:48:10 apalis-imx8 kernel: usbcore: registered new interface driver usbhid
Apr 23 15:48:10 apalis-imx8 kernel: usbhid: USB HID core driver
Apr 23 15:48:10 apalis-imx8 kernel: No fsl,qman node
Apr 23 15:48:10 apalis-imx8 kernel: Freescale USDPAA process driver
Apr 23 15:48:10 apalis-imx8 kernel: fsl-usdpaa: no region found
Apr 23 15:48:10 apalis-imx8 kernel: mmc0: new HS400 MMC card at address 0001
Apr 23 15:48:10 apalis-imx8 kernel: Freescale USDPAA process IRQ driver
Apr 23 15:48:10 apalis-imx8 kernel: mmcblk0: mmc0:0001 S0J56X 14.8 GiB 
Apr 23 15:48:10 apalis-imx8 kernel: mmcblk0boot0: mmc0:0001 S0J56X partition 1 31.5 MiB
Apr 23 15:48:10 apalis-imx8 kernel: mmcblk0boot1: mmc0:0001 S0J56X partition 2 31.5 MiB
Apr 23 15:48:10 apalis-imx8 kernel: mmcblk0rpmb: mmc0:0001 S0J56X partition 3 4.00 MiB, chardev (237:0)
Apr 23 15:48:10 apalis-imx8 kernel:  mmcblk0: p1 p2
Apr 23 15:48:10 apalis-imx8 kernel: Galcore version 6.4.3.p1.305572
Apr 23 15:48:10 apalis-imx8 kernel: [drm] Initialized vivante 1.0.0 20170808 for 80000000.imx8_gpu1_ss on minor 0
Apr 23 15:48:10 apalis-imx8 kernel: [VPU Decoder] warning: init rtx channel failed, ret: -517
Apr 23 15:48:10 apalis-imx8 kernel: [VPU Decoder] failed to request mailbox, ret = -517
Apr 23 15:48:10 apalis-imx8 kernel: [VPU Encoder] warning:  init rtx channel failed, ret: -517
Apr 23 15:48:10 apalis-imx8 kernel: [VPU Encoder] warning:  init rtx channel failed, ret: -517
Apr 23 15:48:10 apalis-imx8 kernel: [VPU Encoder] fail to request mailbox, ret = -517
Apr 23 15:48:10 apalis-imx8 kernel: dvbdev: DVB: registering new adapter (PPM DVB adapter)
Apr 23 15:48:10 apalis-imx8 kernel: dvbdev: DVB: registering new adapter (PPM DVB adapter)
Apr 23 15:48:10 apalis-imx8 kernel: imx-spdif sound-spdif: snd-soc-dummy-dai <-> 59020000.spdif mapping ok
Apr 23 15:48:10 apalis-imx8 kernel: imx-spdif sound-spdif: ASoC: no DMI vendor name!
Apr 23 15:48:10 apalis-imx8 kernel: imx-audmix imx-audmix.0: failed to find SAI platform device
Apr 23 15:48:10 apalis-imx8 kernel: imx-audmix: probe of imx-audmix.0 failed with error -22
Apr 23 15:48:10 apalis-imx8 kernel: pktgen: Packet Generator for packet performance testing. Version: 2.75
Apr 23 15:48:10 apalis-imx8 kernel: NET: Registered protocol family 26
Apr 23 15:48:10 apalis-imx8 kernel: NET: Registered protocol family 10
Apr 23 15:48:10 apalis-imx8 kernel: Segment Routing with IPv6
Apr 23 15:48:10 apalis-imx8 kernel: NET: Registered protocol family 17
Apr 23 15:48:10 apalis-imx8 kernel: tsn generic netlink module v1 init...
Apr 23 15:48:10 apalis-imx8 kernel: Key type dns_resolver registered
Apr 23 15:48:10 apalis-imx8 kernel: registered taskstats version 1
Apr 23 15:48:10 apalis-imx8 kernel: Loading compiled-in X.509 certificates
Apr 23 15:48:10 apalis-imx8 kernel: mxs_phy 5b100000.usbphy: 5b100000.usbphy supply phy-3p0 not found, using dummy regulator
Apr 23 15:48:10 apalis-imx8 kernel: usb_phy_generic bus@5b000000:usb3-phy: bus@5b000000:usb3-phy supply vcc not found, using dummy regulator
Apr 23 15:48:10 apalis-imx8 kernel: usb_phy_generic bus@5b000000:usbphynop2: bus@5b000000:usbphynop2 supply vcc not found, using dummy regulator
Apr 23 15:48:10 apalis-imx8 kernel: imx-lpi2c 5a800000.i2c: can't get pinctrl, bus recovery not supported
Apr 23 15:48:10 apalis-imx8 kernel: i2c i2c-2: LPI2C adapter registered
Apr 23 15:48:10 apalis-imx8 kernel: sgtl5000 3-000a: sgtl5000 revision 0x11
Apr 23 15:48:10 apalis-imx8 kernel: usb3503 3-0008: switched to HUB mode
Apr 23 15:48:10 apalis-imx8 kernel: usb3503 3-0008: usb3503_probe: probed in hub mode
Apr 23 15:48:10 apalis-imx8 kernel: i2c i2c-3: LPI2C adapter registered
Apr 23 15:48:10 apalis-imx8 kernel: rtc-ds1307 4-0068: registered as rtc0
Apr 23 15:48:10 apalis-imx8 kernel: i2c i2c-4: LPI2C adapter registered
Apr 23 15:48:10 apalis-imx8 kernel: i2c i2c-5: LPI2C adapter registered
Apr 23 15:48:10 apalis-imx8 kernel: pwm-backlight backlight: backlight supply power not found, using dummy regulator
Apr 23 15:48:10 apalis-imx8 kernel: imx6q-pcie 5f000000.pcie: 5f000000.pcie supply epdev_on not found, using dummy regulator
Apr 23 15:48:10 apalis-imx8 kernel: imx6q-pcie 5f010000.pcie: pcie_ext clock source missing or invalid
Apr 23 15:48:10 apalis-imx8 kernel: dpu-core 56180000.dpu: driver probed
Apr 23 15:48:10 apalis-imx8 kernel: imx6q-pcie 5f000000.pcie: No cache used with register defaults set!
Apr 23 15:48:10 apalis-imx8 kernel: dpu-core 57180000.dpu: driver probed
Apr 23 15:48:10 apalis-imx8 kernel: ahci-imx 5f020000.sata: phy impedance ratio is not specified.
Apr 23 15:48:10 apalis-imx8 kernel: ahci-imx 5f020000.sata: No cache used with register defaults set!
Apr 23 15:48:10 apalis-imx8 kernel: ahci-imx 5f020000.sata: 5f020000.sata supply ahci not found, using dummy regulator
Apr 23 15:48:10 apalis-imx8 kernel: ahci-imx 5f020000.sata: 5f020000.sata supply phy not found, using dummy regulator
Apr 23 15:48:10 apalis-imx8 kernel: ahci-imx 5f020000.sata: 5f020000.sata supply target not found, using dummy regulator
Apr 23 15:48:10 apalis-imx8 kernel: ahci-imx 5f020000.sata: external osc is used.
Apr 23 15:48:10 apalis-imx8 kernel: ahci-imx 5f020000.sata: no ahb clock.
Apr 23 15:48:10 apalis-imx8 kernel: ahci-imx 5f020000.sata: AHCI 0001.0301 32 slots 1 ports 6 Gbps 0x1 impl platform mode
Apr 23 15:48:10 apalis-imx8 kernel: ahci-imx 5f020000.sata: flags: 64bit ncq sntf pm clo only pmp fbs pio slum part ccc sadm sds apst 
Apr 23 15:48:10 apalis-imx8 kernel: scsi host0: ahci-imx
Apr 23 15:48:10 apalis-imx8 kernel: ata1: SATA max UDMA/133 mmio [mem 0x5f020000-0x5f02ffff] port 0x100 irq 106
Apr 23 15:48:10 apalis-imx8 kernel: pps pps0: new PPS source ptp0
Apr 23 15:48:10 apalis-imx8 kernel: libphy: fec_enet_mii_bus: probed
Apr 23 15:48:10 apalis-imx8 kernel: fec 5b040000.ethernet eth0: registered PHC device 0
Apr 23 15:48:10 apalis-imx8 kernel:  xhci-cdns3: xHCI Host Controller
Apr 23 15:48:10 apalis-imx8 kernel:  xhci-cdns3: new USB bus registered, assigned bus number 1
Apr 23 15:48:10 apalis-imx8 kernel:  xhci-cdns3: hcc params 0x200073c8 hci version 0x100 quirks 0x0000001000018010
Apr 23 15:48:10 apalis-imx8 kernel: hub 1-0:1.0: USB hub found
Apr 23 15:48:10 apalis-imx8 kernel: hub 1-0:1.0: 1 port detected
Apr 23 15:48:10 apalis-imx8 kernel:  xhci-cdns3: xHCI Host Controller
Apr 23 15:48:10 apalis-imx8 kernel:  xhci-cdns3: new USB bus registered, assigned bus number 2
Apr 23 15:48:10 apalis-imx8 kernel:  xhci-cdns3: Host supports USB 3.0 SuperSpeed
Apr 23 15:48:10 apalis-imx8 kernel: usb usb2: We don't know the algorithms for LPM for this host, disabling LPM.
Apr 23 15:48:10 apalis-imx8 kernel: hub 2-0:1.0: USB hub found
Apr 23 15:48:10 apalis-imx8 kernel: hub 2-0:1.0: 1 port detected
Apr 23 15:48:10 apalis-imx8 kernel: imx_usb 5b0d0000.usb: 5b0d0000.usb supply vbus not found, using dummy regulator
Apr 23 15:48:10 apalis-imx8 kernel: imx6q-pcie 5f000000.pcie: PCIe PLL locked after 0 us.
Apr 23 15:48:10 apalis-imx8 kernel: imx6q-pcie 5f000000.pcie: host bridge /bus@5f000000/pcie@0x5f000000 ranges:
Apr 23 15:48:10 apalis-imx8 kernel: imx6q-pcie 5f000000.pcie:    IO 0x6ff80000..0x6ff8ffff -> 0x00000000
Apr 23 15:48:10 apalis-imx8 kernel: imx6q-pcie 5f000000.pcie:   MEM 0x60000000..0x6fefffff -> 0x60000000
Apr 23 15:48:10 apalis-imx8 kernel: ata1: SATA link down (SStatus 0 SControl 300)
Apr 23 15:48:10 apalis-imx8 kernel: usb 1-1: new full-speed USB device number 2 using cdns-usb3
Apr 23 15:48:10 apalis-imx8 kernel: ci_hdrc ci_hdrc.1: EHCI Host Controller
Apr 23 15:48:10 apalis-imx8 kernel: ci_hdrc ci_hdrc.1: new USB bus registered, assigned bus number 3
Apr 23 15:48:10 apalis-imx8 kernel: ci_hdrc ci_hdrc.1: USB 2.0 started, EHCI 1.00
Apr 23 15:48:10 apalis-imx8 kernel: hub 3-0:1.0: USB hub found
Apr 23 15:48:10 apalis-imx8 kernel: hub 3-0:1.0: 1 port detected
Apr 23 15:48:10 apalis-imx8 kernel: input: Logitech USB Receiver as /devices/platform/bus@5b000000/5b110000.usb3/xhci-cdns3/usb1/1-1/1-1:1.0/0003:046D:C52B.0001/input/input1
Apr 23 15:48:10 apalis-imx8 kernel: gpio-fan gpio-fan: GPIO fan initialized
Apr 23 15:48:10 apalis-imx8 kernel: sdhci-esdhc-imx 5b020000.mmc: Got CD GPIO
Apr 23 15:48:10 apalis-imx8 kernel: mmc1: SDHCI controller on 5b020000.mmc [5b020000.mmc] using ADMA
Apr 23 15:48:10 apalis-imx8 kernel: sdhci-esdhc-imx 5b030000.mmc: Got CD GPIO
Apr 23 15:48:10 apalis-imx8 kernel: hid-generic 0003:046D:C52B.0001: input,hidraw0: USB HID v1.11 Keyboard [Logitech USB Receiver] on usb-xhci-cdns3-1/input0
Apr 23 15:48:10 apalis-imx8 kernel: input: Logitech USB Receiver Mouse as /devices/platform/bus@5b000000/5b110000.usb3/xhci-cdns3/usb1/1-1/1-1:1.1/0003:046D:C52B.0002/input/input2
Apr 23 15:48:10 apalis-imx8 kernel: input: Logitech USB Receiver Consumer Control as /devices/platform/bus@5b000000/5b110000.usb3/xhci-cdns3/usb1/1-1/1-1:1.1/0003:046D:C52B.0002/input/input3
Apr 23 15:48:10 apalis-imx8 kernel: mmc2: SDHCI controller on 5b030000.mmc [5b030000.mmc] using ADMA
Apr 23 15:48:10 apalis-imx8 kernel: debugfs: Directory '59050000.sai' with parent 'apalis-imx8qm-sgtl5000' already present!
Apr 23 15:48:10 apalis-imx8 kernel: asoc-simple-card sound: sgtl5000 <-> 59050000.sai mapping ok
Apr 23 15:48:10 apalis-imx8 kernel: asoc-simple-card sound: ASoC: no DMI vendor name!
Apr 23 15:48:10 apalis-imx8 kernel: imx8qxp-lpcg-clk 5b260000.clock-controller: ignoring dependency for device, assuming no driver
Apr 23 15:48:10 apalis-imx8 kernel: imx6q-pcie 5f010000.pcie: No cache used with register defaults set!
Apr 23 15:48:10 apalis-imx8 kernel: input: Logitech USB Receiver System Control as /devices/platform/bus@5b000000/5b110000.usb3/xhci-cdns3/usb1/1-1/1-1:1.1/0003:046D:C52B.0002/input/input4
Apr 23 15:48:10 apalis-imx8 kernel: input: gpio-keys as /devices/platform/gpio-keys/input/input6
Apr 23 15:48:10 apalis-imx8 kernel: hid-generic 0003:046D:C52B.0002: input,hidraw1: USB HID v1.11 Mouse [Logitech USB Receiver] on usb-xhci-cdns3-1/input1
Apr 23 15:48:10 apalis-imx8 kernel: rtc-ds1307 4-0068: setting system clock to 2021-04-23T15:48:08 UTC (1619192888)
Apr 23 15:48:10 apalis-imx8 kernel: hid-generic 0003:046D:C52B.0003: hidraw2: USB HID v1.11 Device [Logitech USB Receiver] on usb-xhci-cdns3-1/input2
Apr 23 15:48:10 apalis-imx8 kernel: ALSA device list:
Apr 23 15:48:10 apalis-imx8 kernel:   #0: imx-spdif
Apr 23 15:48:10 apalis-imx8 kernel:   #1: apalis-imx8qm-sgtl5000
Apr 23 15:48:10 apalis-imx8 kernel: imx6q-pcie 5f010000.pcie: PCIe PLL locked after 0 us.
Apr 23 15:48:10 apalis-imx8 kernel: imx6q-pcie 5f010000.pcie: host bridge /bus@5f000000/pcie@0x5f010000 ranges:
Apr 23 15:48:10 apalis-imx8 kernel: imx6q-pcie 5f010000.pcie:    IO 0x7ff80000..0x7ff8ffff -> 0x00000000
Apr 23 15:48:10 apalis-imx8 kernel: imx6q-pcie 5f010000.pcie:   MEM 0x70000000..0x7fefffff -> 0x70000000
Apr 23 15:48:10 apalis-imx8 kernel: imx6q-pcie 5f010000.pcie: Link up
Apr 23 15:48:10 apalis-imx8 kernel: imx6q-pcie 5f010000.pcie: Link: Gen2 disabled
Apr 23 15:48:10 apalis-imx8 kernel: imx6q-pcie 5f010000.pcie: Link up, Gen1
Apr 23 15:48:10 apalis-imx8 kernel: imx6q-pcie 5f010000.pcie: PCI host bridge to bus 0000:00
Apr 23 15:48:10 apalis-imx8 kernel: pci_bus 0000:00: root bus resource [bus 00-ff]
Apr 23 15:48:10 apalis-imx8 kernel: pci_bus 0000:00: root bus resource [io  0x10000-0x1ffff] (bus address [0x0000-0xffff])
Apr 23 15:48:10 apalis-imx8 kernel: pci_bus 0000:00: root bus resource [mem 0x70000000-0x7fefffff]
Apr 23 15:48:10 apalis-imx8 kernel: usb 3-1: new high-speed USB device number 2 using ci_hdrc
Apr 23 15:48:10 apalis-imx8 kernel: pci 0000:00:00.0: [1957:0000] type 01 class 0x060400
Apr 23 15:48:10 apalis-imx8 kernel: pci 0000:00:00.0: reg 0x10: [mem 0x00000000-0x00ffffff]
Apr 23 15:48:10 apalis-imx8 kernel: pci 0000:00:00.0: reg 0x38: [mem 0x00000000-0x00ffffff pref]
Apr 23 15:48:10 apalis-imx8 kernel: pci 0000:00:00.0: supports D1 D2
Apr 23 15:48:10 apalis-imx8 kernel: pci 0000:00:00.0: PME# supported from D0 D1 D2 D3hot
Apr 23 15:48:10 apalis-imx8 kernel: pci 0000:01:00.0: [1b4b:2b42] type 00 class 0x020000
Apr 23 15:48:10 apalis-imx8 kernel: pci 0000:01:00.0: reg 0x10: [mem 0x00000000-0x000fffff 64bit pref]
Apr 23 15:48:10 apalis-imx8 kernel: pci 0000:01:00.0: reg 0x18: [mem 0x00000000-0x000fffff 64bit pref]
Apr 23 15:48:10 apalis-imx8 kernel: pci 0000:01:00.0: supports D1 D2
Apr 23 15:48:10 apalis-imx8 kernel: pci 0000:01:00.0: PME# supported from D0 D1 D3hot D3cold
Apr 23 15:48:10 apalis-imx8 kernel: pci 0000:01:00.0: 2.000 Gb/s available PCIe bandwidth, limited by 2.5 GT/s x1 link at 0000:00:00.0 (capable of 4.000 Gb/s with 5 GT/s x1 link)
Apr 23 15:48:10 apalis-imx8 kernel: pci 0000:00:00.0: BAR 0: assigned [mem 0x70000000-0x70ffffff]
Apr 23 15:48:10 apalis-imx8 kernel: pci 0000:00:00.0: BAR 6: assigned [mem 0x71000000-0x71ffffff pref]
Apr 23 15:48:10 apalis-imx8 kernel: pci 0000:00:00.0: BAR 15: assigned [mem 0x72000000-0x721fffff 64bit pref]
Apr 23 15:48:10 apalis-imx8 kernel: pci 0000:01:00.0: BAR 0: assigned [mem 0x72000000-0x720fffff 64bit pref]
Apr 23 15:48:10 apalis-imx8 kernel: imx6q-pcie 5f000000.pcie: Phy link never came up
Apr 23 15:48:10 apalis-imx8 kernel: pci 0000:01:00.0: BAR 2: assigned [mem 0x72100000-0x721fffff 64bit pref]
Apr 23 15:48:10 apalis-imx8 kernel: imx6q-pcie 5f000000.pcie: failed to initialize host
Apr 23 15:48:10 apalis-imx8 kernel: pci 0000:00:00.0: PCI bridge to [bus 01-ff]
Apr 23 15:48:10 apalis-imx8 kernel: imx6q-pcie 5f000000.pcie: unable to add pcie port.
Apr 23 15:48:10 apalis-imx8 kernel: pci 0000:00:00.0:   bridge window [mem 0x72000000-0x721fffff 64bit pref]
Apr 23 15:48:10 apalis-imx8 kernel: pcieport 0000:00:00.0: PME: Signaling with IRQ 568
Apr 23 15:48:10 apalis-imx8 kernel: EXT4-fs (mmcblk0p2): mounted filesystem with ordered data mode. Opts: (null)
Apr 23 15:48:10 apalis-imx8 kernel: VFS: Mounted root (ext4 filesystem) readonly on device 179:2.
Apr 23 15:48:10 apalis-imx8 kernel: hub 3-1:1.0: USB hub found
Apr 23 15:48:10 apalis-imx8 kernel: devtmpfs: mounted
Apr 23 15:48:10 apalis-imx8 kernel: hub 3-1:1.0: 3 ports detected
Apr 23 15:48:10 apalis-imx8 kernel: Freeing unused kernel memory: 2496K
Apr 23 15:48:10 apalis-imx8 kernel: Run /sbin/init as init process
Apr 23 15:48:10 apalis-imx8 systemd[1]: systemd 244.5+ running in system mode. (+PAM -AUDIT -SELINUX +IMA -APPARMOR -SMACK +SYSVINIT +UTMP -LIBCRYPTSETUP -GCRYPT -GNUTLS +ACL +XZ -LZ4 -SECCOMP +BLKID -ELFUTILS +KMOD -IDN2 -IDN -PCRE2 default-hierarchy=hybrid)
Apr 23 15:48:10 apalis-imx8 systemd[1]: Detected architecture arm64.
Apr 23 15:48:10 apalis-imx8 systemd[1]: Set hostname to <apalis-imx8>.
Apr 23 15:48:10 apalis-imx8 systemd[1]: /lib/systemd/system/gpsd.socket:5: ListenStream= references a path below legacy directory /var/run/, updating /var/run/gpsd.sock → /run/gpsd.sock; please update the unit file accordingly.
Apr 23 15:48:10 apalis-imx8 systemd[1]: Created slice system-getty.slice.
Apr 23 15:48:10 apalis-imx8 systemd[1]: Created slice system-serial\x2dgetty.slice.
Apr 23 15:48:10 apalis-imx8 systemd[1]: Created slice system-weston.slice.
Apr 23 15:48:10 apalis-imx8 systemd[1]: Created slice User and Session Slice.
Apr 23 15:48:10 apalis-imx8 systemd[1]: Started Dispatch Password Requests to Console Directory Watch.
Apr 23 15:48:10 apalis-imx8 systemd[1]: Started Forward Password Requests to Wall Directory Watch.
Apr 23 15:48:10 apalis-imx8 systemd[1]: Reached target Host and Network Name Lookups.
Apr 23 15:48:10 apalis-imx8 systemd[1]: Reached target Paths.
Apr 23 15:48:10 apalis-imx8 systemd[1]: Reached target Remote File Systems.
Apr 23 15:48:10 apalis-imx8 systemd[1]: Reached target Slices.
Apr 23 15:48:10 apalis-imx8 systemd[1]: Reached target Swap.
Apr 23 15:48:10 apalis-imx8 systemd[1]: Listening on RPCbind Server Activation Socket.
Apr 23 15:48:10 apalis-imx8 systemd[1]: Reached target RPC Port Mapper.
Apr 23 15:48:10 apalis-imx8 systemd[1]: Listening on Syslog Socket.
Apr 23 15:48:10 apalis-imx8 systemd[1]: Listening on initctl Compatibility Named Pipe.
Apr 23 15:48:10 apalis-imx8 systemd[1]: Listening on Journal Audit Socket.
Apr 23 15:48:10 apalis-imx8 systemd[1]: Listening on Journal Socket (/dev/log).
Apr 23 15:48:10 apalis-imx8 systemd[1]: Listening on Journal Socket.
Apr 23 15:48:10 apalis-imx8 systemd[1]: Listening on Network Service Netlink Socket.
Apr 23 15:48:10 apalis-imx8 systemd[1]: Listening on udev Control Socket.
Apr 23 15:48:10 apalis-imx8 systemd[1]: Listening on udev Kernel Socket.
Apr 23 15:48:10 apalis-imx8 systemd[1]: Mounting Huge Pages File System...
Apr 23 15:48:10 apalis-imx8 systemd[1]: Mounting POSIX Message Queue File System...
Apr 23 15:48:10 apalis-imx8 systemd[1]: Mounting Kernel Debug File System...
Apr 23 15:48:10 apalis-imx8 systemd[1]: Mounting Temporary Directory (/tmp)...
Apr 23 15:48:10 apalis-imx8 systemd[1]: Starting Create list of static device nodes for the current kernel...
Apr 23 15:48:10 apalis-imx8 systemd[1]: Started Hardware RNG Entropy Gatherer Daemon.
Apr 23 15:48:10 apalis-imx8 systemd[1]: Starting RPC Bind...
Apr 23 15:48:10 apalis-imx8 systemd[1]: Starting File System Check on Root Device...
Apr 23 15:48:10 apalis-imx8 systemd[1]: Starting Journal Service...
Apr 23 15:48:10 apalis-imx8 systemd[1]: Starting Load Kernel Modules...
Apr 23 15:48:10 apalis-imx8 systemd[1]: Starting udev Coldplug all Devices...
Apr 23 15:48:10 apalis-imx8 systemd[1]: Started RPC Bind.
Apr 23 15:48:10 apalis-imx8 systemd[1]: Mounted Huge Pages File System.
Apr 23 15:48:10 apalis-imx8 systemd[1]: Mounted POSIX Message Queue File System.
Apr 23 15:48:10 apalis-imx8 systemd[1]: Mounted Kernel Debug File System.
Apr 23 15:48:10 apalis-imx8 systemd-journald[363]: Journal started
Apr 23 15:48:10 apalis-imx8 systemd-journald[363]: Runtime Journal (/run/log/journal/b65d10b6f3f3471ca24c4afc7b8fb0df) is 8.0M, max 64.0M, 56.0M free.
Apr 23 15:48:10 apalis-imx8 systemd-modules-load[365]: Module 'galcore' is built in
Apr 23 15:48:10 apalis-imx8 systemd-modules-load[365]: Inserted module 'libcomposite'
Apr 23 15:48:10 apalis-imx8 rngd[355]: Initializing available sources
Apr 23 15:48:10 apalis-imx8 rngd[355]: [hwrng ]: Initialized
Apr 23 15:48:10 apalis-imx8 rngd[355]: [jitter]: Initializing AES buffer
Apr 23 15:48:10 apalis-imx8 systemd-fsck[366]: RFS: clean, 31670/969136 files, 351944/3871744 blocks
Apr 23 15:48:10 apalis-imx8 systemd[1]: Started Journal Service.
Apr 23 15:48:10 apalis-imx8 systemd[1]: Mounted Temporary Directory (/tmp).
Apr 23 15:48:10 apalis-imx8 systemd[1]: Started Create list of static device nodes for the current kernel.
Apr 23 15:48:10 apalis-imx8 systemd[1]: Started File System Check on Root Device.
Apr 23 15:48:10 apalis-imx8 systemd[1]: Started Load Kernel Modules.
Apr 23 15:48:10 apalis-imx8 systemd[1]: Condition check resulted in FUSE Control File System being skipped.
Apr 23 15:48:10 apalis-imx8 systemd[1]: Mounting Kernel Configuration File System...
Apr 23 15:48:10 apalis-imx8 systemd[1]: Starting Remount Root and Kernel File Systems...
Apr 23 15:48:10 apalis-imx8 systemd[1]: Starting Apply Kernel Variables...
Apr 23 15:48:10 apalis-imx8 kernel: EXT4-fs (mmcblk0p2): re-mounted. Opts: (null)
Apr 23 15:48:10 apalis-imx8 systemd-sysctl[375]: Couldn't write 'fq_codel' to 'net/core/default_qdisc', ignoring: No such file or directory
Apr 23 15:48:10 apalis-imx8 systemd-sysctl[375]: Couldn't write '1' to 'net/ipv4/tcp_syncookies', ignoring: No such file or directory
Apr 23 15:48:10 apalis-imx8 systemd[1]: Mounted Kernel Configuration File System.
Apr 23 15:48:10 apalis-imx8 systemd[1]: Started Remount Root and Kernel File Systems.
Apr 23 15:48:10 apalis-imx8 systemd[1]: Started Apply Kernel Variables.
Apr 23 15:48:10 apalis-imx8 systemd[1]: Condition check resulted in Rebuild Hardware Database being skipped.
Apr 23 15:48:10 apalis-imx8 systemd[1]: Starting Flush Journal to Persistent Storage...
Apr 23 15:48:10 apalis-imx8 kernel: switch cluster 0 cpu-freq governor to schedutil
Apr 23 15:48:10 apalis-imx8 systemd-journald[363]: Runtime Journal (/run/log/journal/b65d10b6f3f3471ca24c4afc7b8fb0df) is 8.0M, max 64.0M, 56.0M free.
Apr 23 15:48:10 apalis-imx8 systemd[1]: Condition check resulted in Create System Users being skipped.
Apr 23 15:48:10 apalis-imx8 systemd[1]: Starting Create Static Device Nodes in /dev...
Apr 23 15:48:10 apalis-imx8 systemd-tmpfiles[379]: /etc/tmpfiles.d/connman_resolvconf.conf:1: Line references path below legacy directory /var/run/, updating /var/run/connman → /run/connman; please update the tmpfiles.d/ drop-in file accordingly.
Apr 23 15:48:10 apalis-imx8 kernel: switch cluster 1 cpu-freq governor to schedutil
Apr 23 15:48:10 apalis-imx8 systemd[1]: Started Flush Journal to Persistent Storage.
Apr 23 15:48:10 apalis-imx8 systemd-tmpfiles[379]: Detected unsafe path transition / -> /dev during canonicalization of /dev.
Apr 23 15:48:10 apalis-imx8 systemd-tmpfiles[379]: Detected unsafe path transition / -> /dev during canonicalization of /dev.
Apr 23 15:48:10 apalis-imx8 systemd-tmpfiles[379]: Detected unsafe path transition / -> /dev during canonicalization of /dev.
Apr 23 15:48:10 apalis-imx8 systemd-tmpfiles[379]: Detected unsafe path transition / -> /dev during canonicalization of /dev.
Apr 23 15:48:10 apalis-imx8 systemd-tmpfiles[379]: Detected unsafe path transition / -> /dev during canonicalization of /dev.
Apr 23 15:48:10 apalis-imx8 systemd-tmpfiles[379]: Detected unsafe path transition / -> /dev during canonicalization of /dev/mapper.
Apr 23 15:48:10 apalis-imx8 systemd-tmpfiles[379]: Detected unsafe path transition / -> /dev during canonicalization of /dev.
Apr 23 15:48:10 apalis-imx8 systemd-tmpfiles[379]: Detected unsafe path transition / -> /dev during canonicalization of /dev.
Apr 23 15:48:10 apalis-imx8 systemd-tmpfiles[379]: Detected unsafe path transition / -> /dev during canonicalization of /dev/snd/timer.
Apr 23 15:48:10 apalis-imx8 systemd-tmpfiles[379]: Detected unsafe path transition / -> /dev during canonicalization of /dev/loop-control.
Apr 23 15:48:10 apalis-imx8 systemd-tmpfiles[379]: Detected unsafe path transition / -> /dev during canonicalization of /dev/net/tun.
Apr 23 15:48:10 apalis-imx8 systemd-tmpfiles[379]: Detected unsafe path transition / -> /dev during canonicalization of /dev/kvm.
Apr 23 15:48:10 apalis-imx8 systemd[1]: Started Create Static Device Nodes in /dev.
Apr 23 15:48:10 apalis-imx8 systemd[1]: Started udev Coldplug all Devices.
Apr 23 15:48:10 apalis-imx8 systemd[1]: Reached target Local File Systems (Pre).
Apr 23 15:48:10 apalis-imx8 systemd[1]: Mounting /var/volatile...
Apr 23 15:48:10 apalis-imx8 systemd[1]: Starting udev Kernel Device Manager...
Apr 23 15:48:10 apalis-imx8 systemd[1]: Mounted /var/volatile.
Apr 23 15:48:10 apalis-imx8 systemd[1]: Condition check resulted in Bind mount volatile /var/cache being skipped.
Apr 23 15:48:10 apalis-imx8 systemd[1]: Condition check resulted in Bind mount volatile /var/lib being skipped.
Apr 23 15:48:10 apalis-imx8 systemd[1]: Starting Load/Save Random Seed...
Apr 23 15:48:10 apalis-imx8 systemd[1]: Condition check resulted in Bind mount volatile /var/spool being skipped.
Apr 23 15:48:10 apalis-imx8 systemd[1]: Condition check resulted in Bind mount volatile /srv being skipped.
Apr 23 15:48:10 apalis-imx8 systemd[1]: Reached target Local File Systems.
Apr 23 15:48:10 apalis-imx8 systemd[1]: Condition check resulted in Rebuild Dynamic Linker Cache being skipped.
Apr 23 15:48:10 apalis-imx8 systemd[1]: Condition check resulted in Commit a transient machine-id on disk being skipped.
Apr 23 15:48:10 apalis-imx8 systemd[1]: Starting Create Volatile Files and Directories...
Apr 23 15:48:10 apalis-imx8 systemd-tmpfiles[399]: /etc/tmpfiles.d/connman_resolvconf.conf:1: Line references path below legacy directory /var/run/, updating /var/run/connman → /run/connman; please update the tmpfiles.d/ drop-in file accordingly.
Apr 23 15:48:10 apalis-imx8 systemd-tmpfiles[399]: Detected unsafe path transition / -> /var during canonicalization of /var/volatile.
Apr 23 15:48:10 apalis-imx8 systemd-tmpfiles[399]: Detected unsafe path transition / -> /var during canonicalization of /var/volatile.
Apr 23 15:48:10 apalis-imx8 systemd-tmpfiles[399]: Detected unsafe path transition / -> /run during canonicalization of /run.
Apr 23 15:48:10 apalis-imx8 systemd-tmpfiles[399]: Detected unsafe path transition / -> /var during canonicalization of /var.
Apr 23 15:48:10 apalis-imx8 systemd-tmpfiles[399]: Detected unsafe path transition / -> /var during canonicalization of /var/lib.
Apr 23 15:48:10 apalis-imx8 systemd-tmpfiles[399]: Detected unsafe path transition / -> /run during canonicalization of /run.
Apr 23 15:48:10 apalis-imx8 systemd-tmpfiles[399]: Detected unsafe path transition / -> /run during canonicalization of /run/lock.
Apr 23 15:48:10 apalis-imx8 systemd-tmpfiles[399]: Detected unsafe path transition / -> /run during canonicalization of /run.
Apr 23 15:48:10 apalis-imx8 systemd-tmpfiles[399]: Detected unsafe path transition / -> /run during canonicalization of /run.
Apr 23 15:48:10 apalis-imx8 systemd-tmpfiles[399]: Detected unsafe path transition / -> /run during canonicalization of /run.
Apr 23 15:48:10 apalis-imx8 systemd-tmpfiles[399]: Detected unsafe path transition / -> /run during canonicalization of /run.
Apr 23 15:48:10 apalis-imx8 systemd-tmpfiles[399]: Detected unsafe path transition / -> /run during canonicalization of /run/systemd.
Apr 23 15:48:10 apalis-imx8 systemd-tmpfiles[399]: Detected unsafe path transition / -> /run during canonicalization of /run/systemd.
Apr 23 15:48:10 apalis-imx8 systemd-tmpfiles[399]: Detected unsafe path transition / -> /run during canonicalization of /run/systemd.
Apr 23 15:48:10 apalis-imx8 systemd-tmpfiles[399]: Detected unsafe path transition / -> /run during canonicalization of /run/systemd.
Apr 23 15:48:10 apalis-imx8 systemd-tmpfiles[399]: Detected unsafe path transition / -> /run during canonicalization of /run/systemd.
Apr 23 15:48:10 apalis-imx8 systemd-tmpfiles[399]: Detected unsafe path transition / -> /run during canonicalization of /run/systemd.
Apr 23 15:48:10 apalis-imx8 systemd-tmpfiles[399]: Detected unsafe path transition / -> /run during canonicalization of /run/systemd.
Apr 23 15:48:10 apalis-imx8 systemd-tmpfiles[399]: Detected unsafe path transition / -> /run during canonicalization of /run/systemd/netif.
Apr 23 15:48:10 apalis-imx8 systemd-tmpfiles[399]: Detected unsafe path transition / -> /run during canonicalization of /run/systemd/netif.
Apr 23 15:48:10 apalis-imx8 systemd-tmpfiles[399]: Detected unsafe path transition / -> /run during canonicalization of /run.
Apr 23 15:48:10 apalis-imx8 systemd-tmpfiles[399]: Detected unsafe path transition / -> /var during canonicalization of /var/lib.
Apr 23 15:48:10 apalis-imx8 systemd-tmpfiles[399]: Detected unsafe path transition / -> /var during canonicalization of /var/lib/systemd.
Apr 23 15:48:10 apalis-imx8 systemd-tmpfiles[399]: Detected unsafe path transition / -> /var during canonicalization of /var/lib.
Apr 23 15:48:10 apalis-imx8 systemd-tmpfiles[399]: Detected unsafe path transition / -> /var during canonicalization of /var.
Apr 23 15:48:10 apalis-imx8 systemd-tmpfiles[399]: Detected unsafe path transition / -> /var during canonicalization of /var/log.
Apr 23 15:48:10 apalis-imx8 systemd-tmpfiles[399]: Detected unsafe path transition / -> /var during canonicalization of /var.
Apr 23 15:48:10 apalis-imx8 systemd-tmpfiles[399]: Detected unsafe path transition / -> /var during canonicalization of /var/cache.
Apr 23 15:48:10 apalis-imx8 systemd-tmpfiles[399]: Detected unsafe path transition / -> /var during canonicalization of /var.
Apr 23 15:48:10 apalis-imx8 systemd-tmpfiles[399]: Detected unsafe path transition / -> /var during canonicalization of /var/log.
Apr 23 15:48:10 apalis-imx8 systemd-tmpfiles[399]: Detected unsafe path transition / -> /var during canonicalization of /var/log.
Apr 23 15:48:10 apalis-imx8 systemd-tmpfiles[399]: Detected unsafe path transition / -> /var during canonicalization of /var/log.
Apr 23 15:48:10 apalis-imx8 systemd-tmpfiles[399]: Detected unsafe path transition / -> /var during canonicalization of /var.
Apr 23 15:48:10 apalis-imx8 systemd-tmpfiles[399]: Detected unsafe path transition / -> /tmp during canonicalization of /tmp.
Apr 23 15:48:10 apalis-imx8 systemd-tmpfiles[399]: Detected unsafe path transition / -> /tmp during canonicalization of /tmp.
Apr 23 15:48:10 apalis-imx8 systemd-tmpfiles[399]: Detected unsafe path transition / -> /tmp during canonicalization of /tmp.
Apr 23 15:48:10 apalis-imx8 systemd-tmpfiles[399]: Detected unsafe path transition / -> /tmp during canonicalization of /tmp.
Apr 23 15:48:10 apalis-imx8 systemd-tmpfiles[399]: Detected unsafe path transition / -> /tmp during canonicalization of /tmp.
Apr 23 15:48:10 apalis-imx8 systemd-tmpfiles[399]: Detected unsafe path transition / -> /run during canonicalization of /run/log/journal.
Apr 23 15:48:10 apalis-imx8 systemd-tmpfiles[399]: Detected unsafe path transition / -> /run during canonicalization of /run/log/journal/b65d10b6f3f3471ca24c4afc7b8fb0df.
Apr 23 15:48:10 apalis-imx8 systemd-tmpfiles[399]: Detected unsafe path transition / -> /run during canonicalization of /run/log/journal/b65d10b6f3f3471ca24c4afc7b8fb0df.
Apr 23 15:48:10 apalis-imx8 systemd-tmpfiles[399]: Detected unsafe path transition / -> /run during canonicalization of /run/log/journal/b65d10b6f3f3471ca24c4afc7b8fb0df/system.journal.
Apr 23 15:48:10 apalis-imx8 systemd[1]: Started udev Kernel Device Manager.
Apr 23 15:48:10 apalis-imx8 systemd[1]: Started Load/Save Random Seed.
Apr 23 15:48:10 apalis-imx8 systemd[1]: Started Create Volatile Files and Directories.
Apr 23 15:48:10 apalis-imx8 systemd[1]: Condition check resulted in Run pending postinsts being skipped.
Apr 23 15:48:10 apalis-imx8 systemd[1]: Condition check resulted in Rebuild Journal Catalog being skipped.
Apr 23 15:48:10 apalis-imx8 systemd[1]: systemd-timesyncd.service: Failed to run 'start' task: Not a directory
Apr 23 15:48:10 apalis-imx8 systemd[1]: systemd-timesyncd.service: Failed with result 'resources'.
Apr 23 15:48:10 apalis-imx8 systemd[1]: Failed to start Network Time Synchronization.
Apr 23 15:48:10 apalis-imx8 systemd[1]: Reached target System Time Set.
Apr 23 15:48:10 apalis-imx8 systemd[1]: Reached target System Time Synchronized.
Apr 23 15:48:10 apalis-imx8 systemd[1]: Condition check resulted in Update is Completed being skipped.
Apr 23 15:48:10 apalis-imx8 systemd[1]: Starting Update UTMP about System Boot/Shutdown...
Apr 23 15:48:10 apalis-imx8 systemd[1]: systemd-timesyncd.service: Scheduled restart job, restart counter is at 1.
Apr 23 15:48:10 apalis-imx8 systemd[1]: Stopped Network Time Synchronization.
Apr 23 15:48:10 apalis-imx8 systemd[1]: systemd-timesyncd.service: Failed to run 'start' task: Not a directory
Apr 23 15:48:10 apalis-imx8 systemd[1]: systemd-timesyncd.service: Failed with result 'resources'.
Apr 23 15:48:10 apalis-imx8 systemd[1]: Failed to start Network Time Synchronization.
Apr 23 15:48:11 apalis-imx8 kernel: [VPU Encoder] enable mu for core[0]
Apr 23 15:48:11 apalis-imx8 systemd[1]: systemd-timesyncd.service: Scheduled restart job, restart counter is at 2.
Apr 23 15:48:11 apalis-imx8 kernel: [VPU Encoder] vpu encoder core[0] firmware version is 1.3.0
Apr 23 15:48:11 apalis-imx8 systemd[1]: Created slice system-systemd\x2dbacklight.slice.
Apr 23 15:48:11 apalis-imx8 kernel: [drm] Supports vblank timestamp caching Rev 2 (21.10.2013).
Apr 23 15:48:11 apalis-imx8 kernel: [drm] No driver support for vblank timestamp query.
Apr 23 15:48:11 apalis-imx8 kernel: imx-drm display-subsystem: bound imx-drm-dpu-bliteng.2 (ops dpu_bliteng_ops)
Apr 23 15:48:11 apalis-imx8 kernel: imx-drm display-subsystem: bound imx-drm-dpu-bliteng.5 (ops dpu_bliteng_ops)
Apr 23 15:48:11 apalis-imx8 kernel: imx-drm display-subsystem: bound imx-dpu-crtc.0 (ops dpu_crtc_ops)
Apr 23 15:48:11 apalis-imx8 kernel: imx-drm display-subsystem: bound imx-dpu-crtc.1 (ops dpu_crtc_ops)
Apr 23 15:48:11 apalis-imx8 systemd[1]: Condition check resulted in FUSE Control File System being skipped.
Apr 23 15:48:11 apalis-imx8 systemd[1]: Condition check resulted in Rebuild Dynamic Linker Cache being skipped.
Apr 23 15:48:11 apalis-imx8 systemd[1]: Condition check resulted in Run pending postinsts being skipped.
Apr 23 15:48:11 apalis-imx8 systemd[1]: Starting Load/Save Screen Backlight Brightness of backlight:backlight...
Apr 23 15:48:11 apalis-imx8 kernel: imx-drm display-subsystem: bound imx-dpu-crtc.3 (ops dpu_crtc_ops)
Apr 23 15:48:11 apalis-imx8 systemd[1]: Condition check resulted in Rebuild Hardware Database being skipped.
Apr 23 15:48:11 apalis-imx8 systemd[1]: Condition check resulted in Rebuild Journal Catalog being skipped.
Apr 23 15:48:11 apalis-imx8 systemd[1]: Condition check resulted in Commit a transient machine-id on disk being skipped.
Apr 23 15:48:11 apalis-imx8 systemd[1]: Stopped Network Time Synchronization.
Apr 23 15:48:11 apalis-imx8 kernel: imx-drm display-subsystem: bound imx-dpu-crtc.4 (ops dpu_crtc_ops)
Apr 23 15:48:11 apalis-imx8 kernel: mxc-jpeg 58400000.jpegdec: decoder device registered as /dev/video0 (81,2)
Apr 23 15:48:11 apalis-imx8 systemd[1]: Condition check resulted in Create System Users being skipped.
Apr 23 15:48:11 apalis-imx8 systemd[1]: systemd-timesyncd.service: Failed to run 'start' task: Not a directory
Apr 23 15:48:11 apalis-imx8 systemd[1]: systemd-timesyncd.service: Failed with result 'resources'.
Apr 23 15:48:11 apalis-imx8 systemd[1]: Failed to start Network Time Synchronization.
Apr 23 15:48:11 apalis-imx8 kernel: mxc-jpeg 58450000.jpegenc: encoder device registered as /dev/video1 (81,3)
Apr 23 15:48:11 apalis-imx8 kernel: CAN device driver interface
Apr 23 15:48:11 apalis-imx8 kernel: flexcan 5a8d0000.can: 5a8d0000.can supply xceiver not found, using dummy regulator
Apr 23 15:48:11 apalis-imx8 systemd-udevd[392]: Using default interface naming scheme 'v243'.
Apr 23 15:48:11 apalis-imx8 systemd[1]: Condition check resulted in Update is Completed being skipped.
Apr 23 15:48:11 apalis-imx8 systemd[1]: Started Update UTMP about System Boot/Shutdown.
Apr 23 15:48:11 apalis-imx8 systemd-udevd[392]: ethtool: autonegotiation is unset or enabled, the speed and duplex are not writable.
Apr 23 15:48:11 apalis-imx8 kernel: flexcan 5a8e0000.can: 5a8e0000.can supply xceiver not found, using dummy regulator
Apr 23 15:48:11 apalis-imx8 kernel: [drm] Started firmware!
Apr 23 15:48:11 apalis-imx8 kernel: [drm] HDP FW Version - ver 34219 verlib 20560
Apr 23 15:48:11 apalis-imx8 systemd[1]: Started Load/Save Screen Backlight Brightness of backlight:backlight.
Apr 23 15:48:11 apalis-imx8 systemd[1]: systemd-timesyncd.service: Scheduled restart job, restart counter is at 3.
Apr 23 15:48:11 apalis-imx8 kernel: cdns-mhdp-imx 56268000.hdmi: lane-mapping 0x93
Apr 23 15:48:11 apalis-imx8 kernel: imx-drm display-subsystem: bound 56268000.hdmi (ops cdns_mhdp_imx_ops [cdns_mhdp_imx])
Apr 23 15:48:11 apalis-imx8 kernel: [drm] Initialized imx-drm 1.0.0 20120507 for display-subsystem on minor 1
Apr 23 15:48:11 apalis-imx8 systemd[1]: Reached target Hardware activated USB gadget.
Apr 23 15:48:11 apalis-imx8 systemd[1]: Stopped Network Time Synchronization.
Apr 23 15:48:11 apalis-imx8 kernel: cdns-mhdp-imx 56268000.hdmi: 0,ff,ff,ff,ff,ff,ff,0
Apr 23 15:48:11 apalis-imx8 systemd[1]: systemd-timesyncd.service: Failed to run 'start' task: Not a directory
Apr 23 15:48:11 apalis-imx8 systemd[1]: systemd-timesyncd.service: Failed with result 'resources'.
Apr 23 15:48:11 apalis-imx8 systemd[1]: Failed to start Network Time Synchronization.
Apr 23 15:48:11 apalis-imx8 kernel: [drm] Mode: 1920x1080p148500
Apr 23 15:48:11 apalis-imx8 kernel: [drm] Pixel clock: 148500 KHz, character clock: 185625, bpc is 10-bit.
Apr 23 15:48:11 apalis-imx8 kernel: [drm] Pixel clk (148500 KHz) not supported, color depth (10-bit)
Apr 23 15:48:11 apalis-imx8 kernel: [drm:cdns_hdmi_phy_set_imx8qm [cdns_mhdp_imx]] *ERROR* failed to set phy pclock
Apr 23 15:48:11 apalis-imx8 kernel: [drm] Sink Not Support SCDC
Apr 23 15:48:11 apalis-imx8 kernel: [drm] No vendor infoframe
Apr 23 15:48:11 apalis-imx8 kernel: cfg80211: Loading compiled-in X.509 certificates for regulatory database
Apr 23 15:48:11 apalis-imx8 kernel: cfg80211: Loaded X.509 cert 'sforshee: 00b28ddf47aef9cea7'
Apr 23 15:48:11 apalis-imx8 kernel: Console: switching to colour frame buffer device 240x67
Apr 23 15:48:11 apalis-imx8 kernel: debugfs: Directory '59090000.sai' with parent 'imx-audio-hdmi-tx' already present!
Apr 23 15:48:11 apalis-imx8 kernel: imx-cdnhdmi sound-hdmi: i2s-hifi <-> 59090000.sai mapping ok
Apr 23 15:48:11 apalis-imx8 kernel: imx-cdnhdmi sound-hdmi: ASoC: no DMI vendor name!
Apr 23 15:48:11 apalis-imx8 kernel: debugfs: File 'Capture' in directory 'dapm' already present!
Apr 23 15:48:11 apalis-imx8 kernel: input: imx-audio-hdmi-tx HDMI Jack as /devices/platform/sound-hdmi/sound/card2/input7
Apr 23 15:48:11 apalis-imx8 kernel: mwifiex_pcie 0000:01:00.0: enabling device (0000 -> 0002)
Apr 23 15:48:11 apalis-imx8 kernel: mwifiex_pcie: PCI memory map Virt0: 0000000025ef8ed0 PCI memory map Virt2: 0000000004e8ab4d
Apr 23 15:48:11 apalis-imx8 systemd-udevd[402]: ethtool: autonegotiation is unset or enabled, the speed and duplex are not writable.
Apr 23 15:48:11 apalis-imx8 root[504]: udev/mount.sh [/dev/loop1] is blacklisted, ignoring
Apr 23 15:48:11 apalis-imx8 systemd-udevd[400]: controlC0: Process '/usr/sbin/alsactl restore 0' failed with exit code 99.
Apr 23 15:48:11 apalis-imx8 systemd-udevd[403]: ethtool: autonegotiation is unset or enabled, the speed and duplex are not writable.
Apr 23 15:48:11 apalis-imx8 systemd-udevd[388]: ethtool: autonegotiation is unset or enabled, the speed and duplex are not writable.
Apr 23 15:48:11 apalis-imx8 root[529]: udev/mount.sh [/dev/loop3] is blacklisted, ignoring
Apr 23 15:48:11 apalis-imx8 root[520]: udev/mount.sh [/dev/loop5] is blacklisted, ignoring
Apr 23 15:48:11 apalis-imx8 root[530]: udev/mount.sh [/dev/loop6] is blacklisted, ignoring
Apr 23 15:48:11 apalis-imx8 root[528]: udev/mount.sh [/dev/loop0] is blacklisted, ignoring
Apr 23 15:48:11 apalis-imx8 root[531]: sd_hotplug.sh System name not compatible
Apr 23 15:48:11 apalis-imx8 root[536]: udev/mount.sh [/dev/loop7] is blacklisted, ignoring
Apr 23 15:48:11 apalis-imx8 root[535]: udev/mount.sh [/dev/loop4] is blacklisted, ignoring
Apr 23 15:48:11 apalis-imx8 systemd-udevd[414]: controlC2: Process '/usr/sbin/alsactl restore 2' failed with exit code 99.
Apr 23 15:48:11 apalis-imx8 kernel: imx-drm display-subsystem: fb0: imx-drmdrmfb frame buffer device
Apr 23 15:48:11 apalis-imx8 root[546]: udev/mount.sh [/dev/loop2] is blacklisted, ignoring
Apr 23 15:48:11 apalis-imx8 systemd[1]: Reached target System Initialization.
Apr 23 15:48:11 apalis-imx8 systemd[1]: Started Daily Cleanup of Temporary Directories.
Apr 23 15:48:11 apalis-imx8 root[570]: /etc/udev/scripts/mount.sh creating symlink
Apr 23 15:48:11 apalis-imx8 systemd[1]: Reached target Timers.
Apr 23 15:48:11 apalis-imx8 systemd[1]: Listening on Avahi mDNS/DNS-SD Stack Activation Socket.
Apr 23 15:48:11 apalis-imx8 root[587]: udev/mount.sh [/dev/mmcblk0boot0] is blacklisted, ignoring
Apr 23 15:48:11 apalis-imx8 systemd[1]: Listening on D-Bus System Message Bus Socket.
Apr 23 15:48:11 apalis-imx8 root[598]: udev/mount.sh [/dev/mmcblk0boot1] is blacklisted, ignoring
Apr 23 15:48:11 apalis-imx8 systemd[1]: Listening on dropbear.socket.
Apr 23 15:48:11 apalis-imx8 systemd[1]: Listening on GPS (Global Positioning System) Daemon Sockets.
Apr 23 15:48:11 apalis-imx8 systemd[1]: Reached target Sockets.
Apr 23 15:48:12 apalis-imx8 systemd[1]: Reached target Basic System.
Apr 23 15:48:12 apalis-imx8 systemd[1]: Condition check resulted in Bluetooth service being skipped.
Apr 23 15:48:12 apalis-imx8 systemd[1]: Started Bluetooth Audio ALSA Backend.
Apr 23 15:48:12 apalis-imx8 systemd[1]: Started Kernel Logging Service.
Apr 23 15:48:12 apalis-imx8 kernel[610]: klogd started: BusyBox v1.31.1 ()
Apr 23 15:48:12 apalis-imx8 kernel[610]: [    0.000000] Booting Linux on physical CPU 0x0000000000 [0x410fd034]
Apr 23 15:48:12 apalis-imx8 kernel[610]: [    0.000000] Linux version 5.4.91-33088-g8c05b31a44c3 (peter@mb) (gcc version 9.3.0 (Ubuntu 9.3.0-17ubuntu1~20.04)) #1 SMP PREEMPT Fri Apr 23 16:06:37 CEST 2021
Apr 23 15:48:12 apalis-imx8 kernel[610]: [    0.000000] Machine model: Toradex Apalis iMX8QM V1.1 on Apalis Evaluation Board
Apr 23 15:48:12 apalis-imx8 kernel[610]: [    0.000000] efi: Getting EFI parameters from FDT:
Apr 23 15:48:12 apalis-imx8 kernel[610]: [    0.000000] efi: UEFI not found.
Apr 23 15:48:12 apalis-imx8 kernel[610]: [    0.000000] Reserved memory: created CMA memory pool at 0x0000000096000000, size 960 MiB
Apr 23 15:48:12 apalis-imx8 kernel[610]: [    0.000000] OF: reserved mem: initialized node linux,cma, compatible id shared-dma-pool
Apr 23 15:48:12 apalis-imx8 kernel[610]: [    0.000000] Reserved memory: created DMA memory pool at 0x0000000090400000, size 1 MiB
Apr 23 15:48:12 apalis-imx8 kernel[610]: [    0.000000] OF: reserved mem: initialized node vdevbuffer, compatible id shared-dma-pool
Apr 23 15:48:12 apalis-imx8 kernel[610]: [    0.000000] NUMA: No NUMA configuration found
Apr 23 15:48:12 apalis-imx8 kernel[610]: [    0.000000] NUMA: Faking a node at [mem 0x0000000080200000-0x00000008ffffffff]
Apr 23 15:48:12 apalis-imx8 kernel[610]: [    0.000000] NUMA: NODE_DATA [mem 0x8ff7c3500-0x8ff7c4fff]
Apr 23 15:48:12 apalis-imx8 kernel[610]: [    0.000000] Zone ranges:
Apr 23 15:48:12 apalis-imx8 kernel[610]: [    0.000000]   DMA32    [mem 0x0000000080200000-0x00000000ffffffff]
Apr 23 15:48:12 apalis-imx8 kernel[610]: [    0.000000]   Normal   [mem 0x0000000100000000-0x00000008ffffffff]
Apr 23 15:48:12 apalis-imx8 kernel[610]: [    0.000000] Movable zone start for each node
Apr 23 15:48:12 apalis-imx8 kernel[610]: [    0.000000] Early memory node ranges
Apr 23 15:48:12 apalis-imx8 kernel[610]: [    0.000000]   node   0: [mem 0x0000000080200000-0x0000000083ffffff]
Apr 23 15:48:12 apalis-imx8 kernel[610]: [    0.000000]   node   0: [mem 0x0000000086400000-0x0000000087ffffff]
Apr 23 15:48:12 apalis-imx8 kernel[610]: [    0.000000]   node   0: [mem 0x0000000090000000-0x00000000901fffff]
Apr 23 15:48:12 apalis-imx8 kernel[610]: [    0.000000]   node   0: [mem 0x0000000090500000-0x0000000091ffffff]
Apr 23 15:48:12 apalis-imx8 kernel[610]: [    0.000000]   node   0: [mem 0x0000000094c00000-0x0000000094ffffff]
Apr 23 15:48:12 apalis-imx8 kernel[610]: [    0.000000]   node   0: [mem 0x0000000095400000-0x00000000ffffffff]
Apr 23 15:48:12 apalis-imx8 kernel[610]: [    0.000000]   node   0: [mem 0x0000000880000000-0x00000008ffffffff]
Apr 23 15:48:12 apalis-imx8 kernel[610]: [    0.000000] Initmem setup node 0 [mem 0x0000000080200000-0x00000008ffffffff]
Apr 23 15:48:12 apalis-imx8 kernel[610]: [    0.000000] On node 0 totalpages: 993024
Apr 23 15:48:12 apalis-imx8 kernel[610]: [    0.000000]   DMA32 zone: 7324 pages used for memmap
Apr 23 15:48:12 apalis-imx8 kernel[610]: [    0.000000]   DMA32 zone: 0 pages reserved
Apr 23 15:48:12 apalis-imx8 kernel[610]: [    0.000000]   DMA32 zone: 468736 pages, LIFO batch:63
Apr 23 15:48:12 apalis-imx8 kernel[610]: [    0.000000]   Normal zone: 8192 pages used for memmap
Apr 23 15:48:12 apalis-imx8 kernel[610]: [    0.000000]   Normal zone: 524288 pages, LIFO batch:63
Apr 23 15:48:12 apalis-imx8 kernel[610]: [    0.000000] psci: probing for conduit method from DT.
Apr 23 15:48:12 apalis-imx8 kernel[610]: [    0.000000] psci: PSCIv1.1 detected in firmware.
Apr 23 15:48:12 apalis-imx8 kernel[610]: [    0.000000] psci: Using standard PSCI v0.2 function IDs
Apr 23 15:48:12 apalis-imx8 kernel[610]: [    0.000000] psci: MIGRATE_INFO_TYPE not supported.
Apr 23 15:48:12 apalis-imx8 kernel[610]: [    0.000000] psci: SMC Calling Convention v1.1
Apr 23 15:48:12 apalis-imx8 kernel[610]: [    0.000000] percpu: Embedded 24 pages/cpu s58904 r8192 d31208 u98304
Apr 23 15:48:12 apalis-imx8 kernel[610]: [    0.000000] pcpu-alloc: s58904 r8192 d31208 u98304 alloc=24*4096
Apr 23 15:48:12 apalis-imx8 kernel[610]: [    0.000000] pcpu-alloc: [0] 0 [0] 1 [0] 2 [0] 3 [0] 4 [0] 5
Apr 23 15:48:12 apalis-imx8 kernel[610]: [    0.000000] Detected VIPT I-cache on CPU0
Apr 23 15:48:12 apalis-imx8 kernel[610]: [    0.000000] CPU features: detected: ARM erratum 845719
Apr 23 15:48:12 apalis-imx8 kernel[610]: [    0.000000] CPU features: detected: GIC system register CPU interface
Apr 23 15:48:12 apalis-imx8 kernel[610]: [    0.000000] Speculative Store Bypass Disable mitigation not required
Apr 23 15:48:12 apalis-imx8 kernel[610]: [    0.000000] Built 1 zonelists, mobility grouping on.  Total pages: 977508
Apr 23 15:48:12 apalis-imx8 kernel[610]: [    0.000000] Policy zone: Normal
Apr 23 15:48:12 apalis-imx8 kernel[610]: [    0.000000] Kernel command line: pci=nomsi root=PARTUUID=3942b4fd-02 ro rootwait
Apr 23 15:48:12 apalis-imx8 kernel[610]: [    0.000000] Dentry cache hash table entries: 524288 (order: 10, 4194304 bytes, linear)
Apr 23 15:48:12 apalis-imx8 kernel[610]: [    0.000000] Inode-cache hash table entries: 262144 (order: 9, 2097152 bytes, linear)
Apr 23 15:48:12 apalis-imx8 kernel[610]: [    0.000000] mem auto-init: stack:off, heap alloc:off, heap free:off
Apr 23 15:48:12 apalis-imx8 kernel[610]: [    0.000000] software IO TLB: mapped [mem 0xf9601000-0xfd601000] (64MB)
Apr 23 15:48:12 apalis-imx8 kernel[610]: [    0.000000] Memory: 2817256K/3972096K available (14204K kernel code, 1006K rwdata, 6224K rodata, 2496K init, 1015K bss, 171800K reserved, 983040K cma-reserved)
Apr 23 15:48:12 apalis-imx8 kernel[610]: [    0.000000] SLUB: HWalign=64, Order=0-3, MinObjects=0, CPUs=6, Nodes=1
Apr 23 15:48:12 apalis-imx8 kernel[610]: [    0.000000] rcu: Preemptible hierarchical RCU implementation.
Apr 23 15:48:12 apalis-imx8 kernel[610]: [    0.000000] rcu:         RCU restricting CPUs from NR_CPUS=256 to nr_cpu_ids=6.
Apr 23 15:48:12 apalis-imx8 kernel[610]: [    0.000000]         Tasks RCU enabled.
Apr 23 15:48:12 apalis-imx8 kernel[610]: [    0.000000] rcu: RCU calculated value of scheduler-enlistment delay is 25 jiffies.
Apr 23 15:48:12 apalis-imx8 kernel[610]: [    0.000000] rcu: Adjusting geometry for rcu_fanout_leaf=16, nr_cpu_ids=6
Apr 23 15:48:12 apalis-imx8 kernel[610]: [    0.000000] NR_IRQS: 64, nr_irqs: 64, preallocated irqs: 0
Apr 23 15:48:12 apalis-imx8 kernel[610]: [    0.000000] GICv3: GIC: Using split EOI/Deactivate mode
Apr 23 15:48:12 apalis-imx8 kernel[610]: [    0.000000] GICv3: 512 SPIs implemented
Apr 23 15:48:12 apalis-imx8 kernel[610]: [    0.000000] GICv3: 0 Extended SPIs implemented
Apr 23 15:48:12 apalis-imx8 kernel[610]: [    0.000000] GICv3: Distributor has no Range Selector support
Apr 23 15:48:12 apalis-imx8 kernel[610]: [    0.000000] GICv3: 16 PPIs implemented
Apr 23 15:48:12 apalis-imx8 kernel[610]: [    0.000000] GICv3: no VLPI support, no direct LPI support
Apr 23 15:48:12 apalis-imx8 kernel[610]: [    0.000000] GICv3: CPU0: found redistributor 0 region 0:0x0000000051b00000
Apr 23 15:48:12 apalis-imx8 kernel[610]: [    0.000000] ITS: No ITS available, not enabling LPIs
Apr 23 15:48:12 apalis-imx8 kernel[610]: [    0.000000] random: get_random_bytes called from start_kernel+0x2b8/0x450 with crng_init=0
Apr 23 15:48:12 apalis-imx8 kernel[610]: [    0.000000] arch_timer: cp15 timer(s) running at 8.00MHz (phys).
Apr 23 15:48:12 apalis-imx8 kernel[610]: [    0.000000] clocksource: arch_sys_counter: mask: 0xffffffffffffff max_cycles: 0x1d854df40, max_idle_ns: 440795202120 ns
Apr 23 15:48:12 apalis-imx8 kernel[610]: [    0.000004] sched_clock: 56 bits at 8MHz, resolution 125ns, wraps every 2199023255500ns
Apr 23 15:48:12 apalis-imx8 kernel[610]: [    0.000707] Console: colour dummy device 80x25
Apr 23 15:48:12 apalis-imx8 kernel[610]: [    0.001213] printk: console [tty0] enabled
Apr 23 15:48:12 apalis-imx8 kernel[610]: [    0.001294] Calibrating delay loop (skipped), value calculated using timer frequency.. 16.00 BogoMIPS (lpj=32000)
Apr 23 15:48:12 apalis-imx8 kernel[610]: [    0.001315] pid_max: default: 32768 minimum: 301
Apr 23 15:48:12 apalis-imx8 kernel[610]: [    0.001396] LSM: Security Framework initializing
Apr 23 15:48:12 apalis-imx8 kernel[610]: [    0.001470] Mount-cache hash table entries: 8192 (order: 4, 65536 bytes, linear)
Apr 23 15:48:12 apalis-imx8 kernel[610]: [    0.001499] Mountpoint-cache hash table entries: 8192 (order: 4, 65536 bytes, linear)
Apr 23 15:48:12 apalis-imx8 kernel[610]: [    0.002939] ASID allocator initialised with 32768 entries
Apr 23 15:48:12 apalis-imx8 kernel[610]: [    0.003017] rcu: Hierarchical SRCU implementation.
Apr 23 15:48:12 apalis-imx8 kernel[610]: [    0.005366] EFI services will not be available.
Apr 23 15:48:12 apalis-imx8 kernel[610]: [    0.005606] smp: Bringing up secondary CPUs ...
Apr 23 15:48:12 apalis-imx8 kernel[610]: [    0.006369] Detected VIPT I-cache on CPU1
Apr 23 15:48:12 apalis-imx8 kernel[610]: [    0.006396] GICv3: CPU1: found redistributor 1 region 0:0x0000000051b20000
Apr 23 15:48:12 apalis-imx8 kernel[610]: [    0.006428] CPU1: Booted secondary processor 0x0000000001 [0x410fd034]
Apr 23 15:48:12 apalis-imx8 kernel[610]: [    0.007195] Detected VIPT I-cache on CPU2
Apr 23 15:48:12 apalis-imx8 kernel[610]: [    0.007209] GICv3: CPU2: found redistributor 2 region 0:0x0000000051b40000
Apr 23 15:48:12 apalis-imx8 kernel[610]: [    0.007225] CPU2: Booted secondary processor 0x0000000002 [0x410fd034]
Apr 23 15:48:12 apalis-imx8 kernel[610]: [    0.007980] Detected VIPT I-cache on CPU3
Apr 23 15:48:12 apalis-imx8 kernel[610]: [    0.007993] GICv3: CPU3: found redistributor 3 region 0:0x0000000051b60000
Apr 23 15:48:12 apalis-imx8 kernel[610]: [    0.008009] CPU3: Booted secondary processor 0x0000000003 [0x410fd034]
Apr 23 15:48:12 apalis-imx8 kernel[610]: [    0.009585] CPU features: detected: EL2 vector hardening
Apr 23 15:48:12 apalis-imx8 kernel[610]: [    0.009597] CPU features: detected: Branch predictor hardening
Apr 23 15:48:12 apalis-imx8 kernel[610]: [    0.009603] Detected PIPT I-cache on CPU4
Apr 23 15:48:12 apalis-imx8 kernel[610]: [    0.009619] GICv3: CPU4: found redistributor 100 region 0:0x0000000051b80000
Apr 23 15:48:12 apalis-imx8 kernel[610]: [    0.009638] CPU4: Booted secondary processor 0x0000000100 [0x410fd082]
Apr 23 15:48:12 apalis-imx8 kernel[610]: [    0.010390] Detected PIPT I-cache on CPU5
Apr 23 15:48:12 apalis-imx8 kernel[610]: [    0.010401] GICv3: CPU5: found redistributor 101 region 0:0x0000000051ba0000
Apr 23 15:48:12 apalis-imx8 kernel[610]: [    0.010412] CPU5: Booted secondary processor 0x0000000101 [0x410fd082]
Apr 23 15:48:12 apalis-imx8 kernel[610]: [    0.010470] smp: Brought up 1 node, 6 CPUs
Apr 23 15:48:12 apalis-imx8 kernel[610]: [    0.010613] SMP: Total of 6 processors activated.
Apr 23 15:48:12 apalis-imx8 kernel[610]: [    0.010623] CPU features: detected: 32-bit EL0 Support
Apr 23 15:48:12 apalis-imx8 kernel[610]: [    0.010634] CPU features: detected: CRC32 instructions
Apr 23 15:48:12 apalis-imx8 kernel[610]: [    0.020260] CPU: All CPU(s) started at EL2
Apr 23 15:48:12 apalis-imx8 kernel[610]: [    0.020297] alternatives: patching kernel code
Apr 23 15:48:12 apalis-imx8 kernel[610]: [    0.021329] devtmpfs: initialized
Apr 23 15:48:12 apalis-imx8 kernel[610]: [    0.038776] clocksource: jiffies: mask: 0xffffffff max_cycles: 0xffffffff, max_idle_ns: 7645041785100000 ns
Apr 23 15:48:12 apalis-imx8 kernel[610]: [    0.038816] futex hash table entries: 2048 (order: 5, 131072 bytes, linear)
Apr 23 15:48:12 apalis-imx8 kernel[610]: [    0.064627] pinctrl core: initialized pinctrl subsystem
Apr 23 15:48:12 apalis-imx8 kernel[610]: [    0.065141] DMI not present or invalid.
Apr 23 15:48:12 apalis-imx8 kernel[610]: [    0.065417] NET: Registered protocol family 16
Apr 23 15:48:12 apalis-imx8 kernel[610]: [    0.071825] DMA: preallocated 256 KiB pool for atomic allocations
Apr 23 15:48:12 apalis-imx8 kernel[610]: [    0.071847] audit: initializing netlink subsys (disabled)
Apr 23 15:48:12 apalis-imx8 kernel[610]: [    0.072012] audit: type=2000 audit(0.068:1): state=initialized audit_enabled=0 res=1
Apr 23 15:48:12 apalis-imx8 kernel[610]: [    0.072596] cpuidle: using governor menu
Apr 23 15:48:12 apalis-imx8 kernel[610]: [    0.073988] hw-breakpoint: found 6 breakpoint and 4 watchpoint registers.
Apr 23 15:48:12 apalis-imx8 kernel[610]: [    0.075881] Serial: AMBA PL011 UART driver
Apr 23 15:48:12 apalis-imx8 kernel[610]: [    0.075935] imx mu driver is registered.
Apr 23 15:48:12 apalis-imx8 kernel[610]: [    0.075959] imx rpmsg driver is registered.
Apr 23 15:48:12 apalis-imx8 kernel[610]: [    0.129582] HugeTLB registered 1.00 GiB page size, pre-allocated 0 pages
Apr 23 15:48:12 apalis-imx8 kernel[610]: [    0.129610] HugeTLB registered 32.0 MiB page size, pre-allocated 0 pages
Apr 23 15:48:12 apalis-imx8 kernel[610]: [    0.129622] HugeTLB registered 2.00 MiB page size, pre-allocated 0 pages
Apr 23 15:48:12 apalis-imx8 kernel[610]: [    0.129635] HugeTLB registered 64.0 KiB page size, pre-allocated 0 pages
Apr 23 15:48:12 apalis-imx8 kernel[610]: [    0.130753] cryptd: max_cpu_qlen set to 1000
Apr 23 15:48:12 apalis-imx8 kernel[610]: [    0.134685] ACPI: Interpreter disabled.
Apr 23 15:48:12 apalis-imx8 kernel[610]: [    0.136840] iommu: Default domain type: Translated
Apr 23 15:48:12 apalis-imx8 kernel[610]: [    0.136968] vgaarb: loaded
Apr 23 15:48:12 apalis-imx8 kernel[610]: [    0.137257] SCSI subsystem initialized
Apr 23 15:48:12 apalis-imx8 kernel[610]: [    0.137370] libata version 3.00 loaded.
Apr 23 15:48:12 apalis-imx8 kernel[610]: [    0.137562] usbcore: registered new interface driver usbfs
Apr 23 15:48:12 apalis-imx8 kernel[610]: [    0.137604] usbcore: registered new interface driver hub
Apr 23 15:48:12 apalis-imx8 kernel[610]: [    0.137638] usbcore: registered new device driver usb
Apr 23 15:48:12 apalis-imx8 kernel[610]: [    0.139675] mc: Linux media interface: v0.10
Apr 23 15:48:12 apalis-imx8 kernel[610]: [    0.139705] videodev: Linux video capture interface: v2.00
Apr 23 15:48:12 apalis-imx8 kernel[610]: [    0.139791] pps_core: LinuxPPS API ver. 1 registered
Apr 23 15:48:12 apalis-imx8 kernel[610]: [    0.139802] pps_core: Software ver. 5.3.6 - Copyright 2005-2007 Rodolfo Giometti <giometti@linux.it>
Apr 23 15:48:12 apalis-imx8 kernel[610]: [    0.139826] PTP clock support registered
Apr 23 15:48:12 apalis-imx8 kernel[610]: [    0.140186] EDAC MC: Ver: 3.0.0
Apr 23 15:48:12 apalis-imx8 kernel[610]: [    0.141814] No BMan portals available!
Apr 23 15:48:12 apalis-imx8 kernel[610]: [    0.142253] QMan: Allocated lookup table at (____ptrval____), entry count 65537
Apr 23 15:48:12 apalis-imx8 kernel[610]: [    0.143051] No QMan portals available!
Apr 23 15:48:12 apalis-imx8 kernel[610]: [    0.144229] No USDPAA memory, no 'fsl,usdpaa-mem' in device-tree
Apr 23 15:48:12 apalis-imx8 kernel[610]: [    0.144775] FPGA manager framework
Apr 23 15:48:12 apalis-imx8 kernel[610]: [    0.144860] Advanced Linux Sound Architecture Driver Initialized.
Apr 23 15:48:12 apalis-imx8 kernel[610]: [    0.146391] imx-scu scu: NXP i.MX SCU Initialized
Apr 23 15:48:12 apalis-imx8 kernel[610]: [    0.152821] random: fast init done
Apr 23 15:48:12 apalis-imx8 kernel[610]: [    0.189611] imx8qm-pinctrl scu:pinctrl: initialized IMX pinctrl driver
Apr 23 15:48:12 apalis-imx8 kernel[610]: [    0.193426] clocksource: Switched to clocksource arch_sys_counter
Apr 23 15:48:12 apalis-imx8 kernel[610]: [    0.193608] VFS: Disk quotas dquot_6.6.0
Apr 23 15:48:12 apalis-imx8 kernel[610]: [    0.193667] VFS: Dquot-cache hash table entries: 512 (order 0, 4096 bytes)
Apr 23 15:48:12 apalis-imx8 kernel[610]: [    0.193849] pnp: PnP ACPI: disabled
Apr 23 15:48:12 apalis-imx8 kernel[610]: [    0.223196] thermal_sys: Registered thermal governor 'step_wise'
Apr 23 15:48:12 apalis-imx8 kernel[610]: [    0.223200] thermal_sys: Registered thermal governor 'power_allocator'
Apr 23 15:48:12 apalis-imx8 kernel[610]: [    0.224053] NET: Registered protocol family 2
Apr 23 15:48:12 apalis-imx8 kernel[610]: [    0.224419] tcp_listen_portaddr_hash hash table entries: 2048 (order: 3, 32768 bytes, linear)
Apr 23 15:48:12 apalis-imx8 kernel[610]: [    0.224479] TCP established hash table entries: 32768 (order: 6, 262144 bytes, linear)
Apr 23 15:48:12 apalis-imx8 kernel[610]: [    0.224699] TCP bind hash table entries: 32768 (order: 7, 524288 bytes, linear)
Apr 23 15:48:12 apalis-imx8 kernel[610]: [    0.225174] TCP: Hash tables configured (established 32768 bind 32768)
Apr 23 15:48:12 apalis-imx8 kernel[610]: [    0.225280] UDP hash table entries: 2048 (order: 4, 65536 bytes, linear)
Apr 23 15:48:12 apalis-imx8 kernel[610]: [    0.225364] UDP-Lite hash table entries: 2048 (order: 4, 65536 bytes, linear)
Apr 23 15:48:12 apalis-imx8 kernel[610]: [    0.225589] NET: Registered protocol family 1
Apr 23 15:48:12 apalis-imx8 kernel[610]: [    0.225924] RPC: Registered named UNIX socket transport module.
Apr 23 15:48:12 apalis-imx8 kernel[610]: [    0.225937] RPC: Registered udp transport module.
Apr 23 15:48:12 apalis-imx8 kernel[610]: [    0.225946] RPC: Registered tcp transport module.
Apr 23 15:48:12 apalis-imx8 kernel[610]: [    0.225955] RPC: Registered tcp NFSv4.1 backchannel transport module.
Apr 23 15:48:12 apalis-imx8 kernel[610]: [    0.225974] PCI: CLS 0 bytes, default 64
Apr 23 15:48:12 apalis-imx8 kernel[610]: [    0.226752] hw perfevents: enabled with armv8_pmuv3 PMU driver, 7 counters available
Apr 23 15:48:12 apalis-imx8 kernel[610]: [    0.228331] kvm [1]: IPA Size Limit: 40bits
Apr 23 15:48:12 apalis-imx8 kernel[610]: [    0.228994] kvm [1]: vgic-v2@52020000
Apr 23 15:48:12 apalis-imx8 kernel[610]: [    0.229021] kvm [1]: GIC system register CPU interface enabled
Apr 23 15:48:12 apalis-imx8 kernel[610]: [    0.229121] kvm [1]: vgic interrupt IRQ1
Apr 23 15:48:12 apalis-imx8 kernel[610]: [    0.229264] kvm [1]: Hyp mode initialized successfully
Apr 23 15:48:12 apalis-imx8 kernel[610]: [    0.232744] Initialise system trusted keyrings
Apr 23 15:48:12 apalis-imx8 kernel[610]: [    0.232880] workingset: timestamp_bits=44 max_order=20 bucket_order=0
Apr 23 15:48:12 apalis-imx8 kernel[610]: [    0.239677] NFS: Registering the id_resolver key type
Apr 23 15:48:12 apalis-imx8 kernel[610]: [    0.239710] Key type id_resolver registered
Apr 23 15:48:12 apalis-imx8 kernel[610]: [    0.239719] Key type id_legacy registered
Apr 23 15:48:12 apalis-imx8 kernel[610]: [    0.239737] nfs4filelayout_init: NFSv4 File Layout Driver Registering...
Apr 23 15:48:12 apalis-imx8 kernel[610]: [    0.239770] jffs2: version 2.2. (NAND) © 2001-2006 Red Hat, Inc.
Apr 23 15:48:12 apalis-imx8 kernel[610]: [    0.253213] Key type asymmetric registered
Apr 23 15:48:12 apalis-imx8 kernel[610]: [    0.253227] Asymmetric key parser 'x509' registered
Apr 23 15:48:12 apalis-imx8 kernel[610]: [    0.253268] Block layer SCSI generic (bsg) driver version 0.4 loaded (major 244)
Apr 23 15:48:12 apalis-imx8 kernel[610]: [    0.253284] io scheduler mq-deadline registered
Apr 23 15:48:12 apalis-imx8 kernel[610]: [    0.253295] io scheduler kyber registered
Apr 23 15:48:12 apalis-imx8 kernel[610]: [    0.267586] imx6q-pcie 5f000000.pcie: 5f000000.pcie supply epdev_on not found, using dummy regulator
Apr 23 15:48:12 apalis-imx8 kernel[610]: [    0.269519] EINJ: ACPI disabled.
Apr 23 15:48:12 apalis-imx8 kernel[610]: [    0.384744] mxs-dma 5b810000.dma-apbh: initialized
Apr 23 15:48:12 apalis-imx8 kernel[610]: [    0.386439] Bus freq driver module loaded
Apr 23 15:48:12 apalis-imx8 kernel[610]: [    0.392648] Serial: 8250/16550 driver, 4 ports, IRQ sharing enabled
Apr 23 15:48:12 apalis-imx8 kernel[610]: [    0.397150] 5a060000.serial: ttyLP0 at MMIO 0x5a060010 (irq = 47, base_baud = 5000000) is a FSL_LPUART
Apr 23 15:48:12 apalis-imx8 kernel[610]: [    0.397506] fsl-lpuart 5a060000.serial: DMA tx channel request failed, operating without tx DMA
Apr 23 15:48:12 apalis-imx8 kernel[610]: [    0.397526] fsl-lpuart 5a060000.serial: DMA rx channel request failed, operating without rx DMA
Apr 23 15:48:12 apalis-imx8 kernel[610]: [    0.397909] 5a070000.serial: ttyLP1 at MMIO 0x5a070010 (irq = 48, base_baud = 5000000) is a FSL_LPUART
Apr 23 15:48:12 apalis-imx8 kernel[610]: [    0.397932] fsl-lpuart 5a070000.serial: Serial: Console lpuart rounded baud ratefrom 35971 to 115200
Apr 23 15:48:12 apalis-imx8 kernel[610]: [    1.464051] printk: console [ttyLP1] enabled
Apr 23 15:48:12 apalis-imx8 kernel[610]: [    1.469234] 5a080000.serial: ttyLP2 at MMIO 0x5a080010 (irq = 49, base_baud = 5000000) is a FSL_LPUART
Apr 23 15:48:12 apalis-imx8 kernel[610]: [    1.478875] fsl-lpuart 5a080000.serial: DMA tx channel request failed, operating without tx DMA
Apr 23 15:48:12 apalis-imx8 kernel[610]: [    1.487603] fsl-lpuart 5a080000.serial: DMA rx channel request failed, operating without rx DMA
Apr 23 15:48:12 apalis-imx8 kernel[610]: [    1.496816] 5a090000.serial: ttyLP3 at MMIO 0x5a090010 (irq = 50, base_baud = 5000000) is a FSL_LPUART
Apr 23 15:48:12 apalis-imx8 kernel[610]: [    1.509380] arm-smmu 51400000.iommu: probing hardware configuration...
Apr 23 15:48:12 apalis-imx8 kernel[610]: [    1.515936] arm-smmu 51400000.iommu: SMMUv2 with:
Apr 23 15:48:12 apalis-imx8 kernel[610]: [    1.520659] arm-smmu 51400000.iommu:         stage 1 translation
Apr 23 15:48:12 apalis-imx8 kernel[610]: [    1.526068] arm-smmu 51400000.iommu:         stage 2 translation
Apr 23 15:48:12 apalis-imx8 kernel[610]: [    1.531484] arm-smmu 51400000.iommu:         nested translation
Apr 23 15:48:12 apalis-imx8 kernel[610]: [    1.536808] arm-smmu 51400000.iommu:         stream matching with 32 register groups
Apr 23 15:48:12 apalis-imx8 kernel[610]: [    1.543964] arm-smmu 51400000.iommu:         32 context banks (0 stage-2 only)
Apr 23 15:48:12 apalis-imx8 kernel[610]: [    1.550599] arm-smmu 51400000.iommu:         Supported page sizes: 0x61311000
Apr 23 15:48:12 apalis-imx8 kernel[610]: [    1.557139] arm-smmu 51400000.iommu:         Stage-1: 48-bit VA -> 48-bit IPA
Apr 23 15:48:12 apalis-imx8 kernel[610]: [    1.563679] arm-smmu 51400000.iommu:         Stage-2: 48-bit IPA -> 48-bit PA
Apr 23 15:48:12 apalis-imx8 kernel[610]: [    1.641893] imx-drm display-subsystem: parent device of /bus@57240000/ldb@572410e0/lvds-channel@0 is not available
Apr 23 15:48:12 apalis-imx8 kernel[610]: [    1.676130] loop: module loaded
Apr 23 15:48:12 apalis-imx8 kernel[610]: [    1.679653] zram: Added device: zram0
Apr 23 15:48:12 apalis-imx8 kernel[610]: [    1.687903] ahci-imx 5f020000.sata: Adding to iommu group 0
Apr 23 15:48:12 apalis-imx8 kernel[610]: [    1.693691] ahci-imx 5f020000.sata: can't get sata_ext clock.
Apr 23 15:48:12 apalis-imx8 kernel[610]: [    1.699825] imx ahci driver is registered.
Apr 23 15:48:12 apalis-imx8 kernel[610]: [    1.711664] libphy: Fixed MDIO Bus: probed
Apr 23 15:48:12 apalis-imx8 kernel[610]: [    1.716013] tun: Universal TUN/TAP device driver, 1.6
Apr 23 15:48:12 apalis-imx8 kernel[610]: [    1.722768] fec 5b040000.ethernet: Adding to iommu group 1
Apr 23 15:48:12 apalis-imx8 kernel[610]: [    1.730823] Freescale FM module, FMD API version 21.1.0
Apr 23 15:48:12 apalis-imx8 kernel[610]: [    1.736924] Freescale FM Ports module
Apr 23 15:48:12 apalis-imx8 kernel[610]: [    1.742194] VFIO - User Level meta-driver version: 0.3
Apr 23 15:48:12 apalis-imx8 kernel[610]: [    1.751365] cdns-usb3 5b110000.usb3: Adding to iommu group 2
Apr 23 15:48:12 apalis-imx8 kernel[610]: [    1.758004] ehci_hcd: USB 2.0 'Enhanced' Host Controller (EHCI) Driver
Apr 23 15:48:12 apalis-imx8 kernel[610]: [    1.764555] ehci-pci: EHCI PCI platform driver
Apr 23 15:48:12 apalis-imx8 kernel[610]: [    1.770350] usbcore: registered new interface driver usb-storage
Apr 23 15:48:12 apalis-imx8 kernel[610]: [    1.776450] usbcore: registered new interface driver usbserial_generic
Apr 23 15:48:12 apalis-imx8 kernel[610]: [    1.783010] usbserial: USB Serial support registered for generic
Apr 23 15:48:12 apalis-imx8 kernel[610]: [    1.789051] usbcore: registered new interface driver cp210x
Apr 23 15:48:12 apalis-imx8 kernel[610]: [    1.794665] usbserial: USB Serial support registered for cp210x
Apr 23 15:48:12 apalis-imx8 kernel[610]: [    1.800626] usbcore: registered new interface driver ftdi_sio
Apr 23 15:48:12 apalis-imx8 kernel[610]: [    1.806401] usbserial: USB Serial support registered for FTDI USB Serial Device
Apr 23 15:48:12 apalis-imx8 kernel[610]: [    1.813747] usbcore: registered new interface driver pl2303
Apr 23 15:48:12 apalis-imx8 kernel[610]: [    1.819372] usbserial: USB Serial support registered for pl2303
Apr 23 15:48:12 apalis-imx8 kernel[610]: [    1.825336] usbcore: registered new interface driver usb_serial_simple
Apr 23 15:48:12 apalis-imx8 kernel[610]: [    1.831896] usbserial: USB Serial support registered for carelink
Apr 23 15:48:12 apalis-imx8 kernel[610]: [    1.838018] usbserial: USB Serial support registered for zio
Apr 23 15:48:12 apalis-imx8 kernel[610]: [    1.843705] usbserial: USB Serial support registered for funsoft
Apr 23 15:48:12 apalis-imx8 kernel[610]: [    1.849736] usbserial: USB Serial support registered for flashloader
Apr 23 15:48:12 apalis-imx8 kernel[610]: [    1.856122] usbserial: USB Serial support registered for google
Apr 23 15:48:12 apalis-imx8 kernel[610]: [    1.862071] usbserial: USB Serial support registered for libtransistor
Apr 23 15:48:12 apalis-imx8 kernel[610]: [    1.868625] usbserial: USB Serial support registered for vivopay
Apr 23 15:48:12 apalis-imx8 kernel[610]: [    1.874660] usbserial: USB Serial support registered for moto_modem
Apr 23 15:48:12 apalis-imx8 kernel[610]: [    1.880959] usbserial: USB Serial support registered for motorola_tetra
Apr 23 15:48:12 apalis-imx8 kernel[610]: [    1.887603] usbserial: USB Serial support registered for novatel_gps
Apr 23 15:48:12 apalis-imx8 kernel[610]: [    1.893986] usbserial: USB Serial support registered for hp4x
Apr 23 15:48:12 apalis-imx8 kernel[610]: [    1.899760] usbserial: USB Serial support registered for suunto
Apr 23 15:48:12 apalis-imx8 kernel[610]: [    1.905708] usbserial: USB Serial support registered for siemens_mpi
Apr 23 15:48:12 apalis-imx8 kernel[610]: [    1.918996] input: sc-powerkey as /devices/platform/sc-powerkey/input/input0
Apr 23 15:48:12 apalis-imx8 kernel[610]: [    1.928729] imx-sc-rtc scu:rtc: registered as rtc1
Apr 23 15:48:12 apalis-imx8 kernel[610]: [    1.934199] i2c /dev entries driver
Apr 23 15:48:12 apalis-imx8 kernel[610]: [    1.939698] pps_ldisc: PPS line discipline registered
Apr 23 15:48:12 apalis-imx8 kernel[610]: [    1.954322] sdhci: Secure Digital Host Controller Interface driver
Apr 23 15:48:12 apalis-imx8 kernel[610]: [    1.960542] sdhci: Copyright(c) Pierre Ossman
Apr 23 15:48:12 apalis-imx8 kernel[610]: [    1.965684] Synopsys Designware Multimedia Card Interface Driver
Apr 23 15:48:12 apalis-imx8 systemd[1]: Started System Logging Service.
Apr 23 15:48:12 apalis-imx8 kernel[610]: [    1.973587] sdhci-pltfm: SDHCI platform and OF driver helper
Apr 23 15:48:12 apalis-imx8 kernel[610]: [    1.981198] sdhci-esdhc-imx 5b010000.mmc: Adding to iommu group 3
Apr 23 15:48:12 apalis-imx8 kernel[610]: [    2.019241] mmc0: SDHCI controller on 5b010000.mmc [5b010000.mmc] using ADMA
Apr 23 15:48:12 apalis-imx8 kernel[610]: [    2.027475] sdhci-esdhc-imx 5b020000.mmc: Adding to iommu group 3
Apr 23 15:48:12 apalis-imx8 kernel[610]: [    2.034684] sdhci-esdhc-imx 5b030000.mmc: Adding to iommu group 3
Apr 23 15:48:12 apalis-imx8 kernel[610]: [    2.046283] ledtrig-cpu: registered to indicate activity on CPUs
Apr 23 15:48:12 apalis-imx8 kernel[610]: [    2.055058] caam 31400000.crypto: device ID = 0x0a16040000000100 (Era 9)
Apr 23 15:48:12 apalis-imx8 kernel[610]: [    2.061796] caam 31400000.crypto: job rings = 2, qi = 0
Apr 23 15:48:12 apalis-imx8 kernel[610]: [    2.078051] caam algorithms registered in /proc/crypto
Apr 23 15:48:12 apalis-imx8 kernel[610]: [    2.084998] caam 31400000.crypto: caam pkc algorithms registered in /proc/crypto
Apr 23 15:48:12 apalis-imx8 kernel[610]: [    2.092458] caam 31400000.crypto: registering rng-caam
Apr 23 15:48:12 apalis-imx8 kernel[610]: [    2.098082] Device caam-keygen registered
Apr 23 15:48:12 apalis-imx8 kernel[610]: [    2.107152] random: crng init done
Apr 23 15:48:12 apalis-imx8 kernel[610]: [    2.107892] hidraw: raw HID events driver (C) Jiri Kosina
Apr 23 15:48:12 apalis-imx8 kernel[610]: [    2.116120] usbcore: registered new interface driver usbhid
Apr 23 15:48:12 apalis-imx8 kernel[610]: [    2.121742] usbhid: USB HID core driver
Apr 23 15:48:12 apalis-imx8 kernel[610]: [    2.129389] No fsl,qman node
Apr 23 15:48:12 apalis-imx8 kernel[610]: [    2.132319] Freescale USDPAA process driver
Apr 23 15:48:12 apalis-imx8 kernel[610]: [    2.136505] fsl-usdpaa: no region found
Apr 23 15:48:12 apalis-imx8 kernel[610]: [    2.139063] mmc0: new HS400 MMC card at address 0001
Apr 23 15:48:12 apalis-imx8 kernel[610]: [    2.140345] Freescale USDPAA process IRQ driver
Apr 23 15:48:12 apalis-imx8 kernel[610]: [    2.150800] mmcblk0: mmc0:0001 S0J56X 14.8 GiB
Apr 23 15:48:12 apalis-imx8 kernel[610]: [    2.155759] mmcblk0boot0: mmc0:0001 S0J56X partition 1 31.5 MiB
Apr 23 15:48:12 apalis-imx8 kernel[610]: [    2.162104] mmcblk0boot1: mmc0:0001 S0J56X partition 2 31.5 MiB
Apr 23 15:48:12 apalis-imx8 kernel[610]: [    2.168173] mmcblk0rpmb: mmc0:0001 S0J56X partition 3 4.00 MiB, chardev (237:0)
Apr 23 15:48:12 apalis-imx8 kernel[610]: [    2.176787]  mmcblk0: p1 p2
Apr 23 15:48:12 apalis-imx8 kernel[610]: [    2.183096] Galcore version 6.4.3.p1.305572
Apr 23 15:48:12 apalis-imx8 kernel[610]: [    2.337805] [drm] Initialized vivante 1.0.0 20170808 for 80000000.imx8_gpu1_ss on minor 0
Apr 23 15:48:12 apalis-imx8 kernel[610]: [    2.350053] [VPU Decoder] warning: init rtx channel failed, ret: -517
Apr 23 15:48:12 apalis-imx8 kernel[610]: [    2.356858] [VPU Decoder] failed to request mailbox, ret = -517
Apr 23 15:48:12 apalis-imx8 kernel[610]: [    2.366190] [VPU Encoder] warning:  init rtx channel failed, ret: -517
Apr 23 15:48:12 apalis-imx8 kernel[610]: [    2.372752] [VPU Encoder] warning:  init rtx channel failed, ret: -517
Apr 23 15:48:12 apalis-imx8 kernel[610]: [    2.379356] [VPU Encoder] fail to request mailbox, ret = -517
Apr 23 15:48:12 apalis-imx8 kernel[610]: [    2.387622] dvbdev: DVB: registering new adapter (PPM DVB adapter)
Apr 23 15:48:12 apalis-imx8 kernel[610]: [    2.394282] dvbdev: DVB: registering new adapter (PPM DVB adapter)
Apr 23 15:48:12 apalis-imx8 kernel[610]: [    2.450145] imx-spdif sound-spdif: snd-soc-dummy-dai <-> 59020000.spdif mapping ok
Apr 23 15:48:12 apalis-imx8 kernel[610]: [    2.457772] imx-spdif sound-spdif: ASoC: no DMI vendor name!
Apr 23 15:48:12 apalis-imx8 kernel[610]: [    2.464479] imx-audmix imx-audmix.0: failed to find SAI platform device
Apr 23 15:48:12 apalis-imx8 kernel[610]: [    2.471145] imx-audmix: probe of imx-audmix.0 failed with error -22
Apr 23 15:48:12 apalis-imx8 kernel[610]: [    2.480368] pktgen: Packet Generator for packet performance testing. Version: 2.75
Apr 23 15:48:12 apalis-imx8 kernel[610]: [    2.488699] NET: Registered protocol family 26
Apr 23 15:48:12 apalis-imx8 kernel[610]: [    2.493455] NET: Registered protocol family 10
Apr 23 15:48:12 apalis-imx8 kernel[610]: [    2.498346] Segment Routing with IPv6
Apr 23 15:48:12 apalis-imx8 kernel[610]: [    2.502056] NET: Registered protocol family 17
Apr 23 15:48:12 apalis-imx8 kernel[610]: [    2.506530] tsn generic netlink module v1 init...
Apr 23 15:48:12 apalis-imx8 kernel[610]: [    2.511278] Key type dns_resolver registered
Apr 23 15:48:12 apalis-imx8 kernel[610]: [    2.515773] registered taskstats version 1
Apr 23 15:48:12 apalis-imx8 kernel[610]: [    2.519893] Loading compiled-in X.509 certificates
Apr 23 15:48:12 apalis-imx8 kernel[610]: [    2.543037] mxs_phy 5b100000.usbphy: 5b100000.usbphy supply phy-3p0 not found, using dummy regulator
Apr 23 15:48:12 apalis-imx8 kernel[610]: [    2.562092] usb_phy_generic bus@5b000000:usb3-phy: bus@5b000000:usb3-phy supply vcc not found, using dummy regulator
Apr 23 15:48:12 apalis-imx8 kernel[610]: [    2.572760] usb_phy_generic bus@5b000000:usbphynop2: bus@5b000000:usbphynop2 supply vcc not found, using dummy regulator
Apr 23 15:48:12 apalis-imx8 kernel[610]: [    2.584351] imx-lpi2c 5a800000.i2c: can't get pinctrl, bus recovery not supported
Apr 23 15:48:12 apalis-imx8 kernel[610]: [    2.592054] i2c i2c-2: LPI2C adapter registered
Apr 23 15:48:12 apalis-imx8 kernel[610]: [    2.599388] sgtl5000 3-000a: sgtl5000 revision 0x11
Apr 23 15:48:12 apalis-imx8 kernel[610]: [    2.645398] usb3503 3-0008: switched to HUB mode
Apr 23 15:48:12 apalis-imx8 kernel[610]: [    2.650061] usb3503 3-0008: usb3503_probe: probed in hub mode
Apr 23 15:48:12 apalis-imx8 kernel[610]: [    2.655914] i2c i2c-3: LPI2C adapter registered
Apr 23 15:48:12 apalis-imx8 kernel[610]: [    2.663816] rtc-ds1307 4-0068: registered as rtc0
Apr 23 15:48:12 apalis-imx8 kernel[610]: [    2.668571] i2c i2c-4: LPI2C adapter registered
Apr 23 15:48:12 apalis-imx8 kernel[610]: [    2.674051] i2c i2c-5: LPI2C adapter registered
Apr 23 15:48:12 apalis-imx8 kernel[610]: [    2.683082] pwm-backlight backlight: backlight supply power not found, using dummy regulator
Apr 23 15:48:12 apalis-imx8 kernel[610]: [    2.683207] imx6q-pcie 5f000000.pcie: 5f000000.pcie supply epdev_on not found, using dummy regulator
Apr 23 15:48:12 apalis-imx8 kernel[610]: [    2.683675] imx6q-pcie 5f010000.pcie: pcie_ext clock source missing or invalid
Apr 23 15:48:12 apalis-imx8 kernel[610]: [    2.697919] dpu-core 56180000.dpu: driver probed
Apr 23 15:48:12 apalis-imx8 kernel[610]: [    2.701226] imx6q-pcie 5f000000.pcie: No cache used with register defaults set!
Apr 23 15:48:12 apalis-imx8 kernel[610]: [    2.709871] dpu-core 57180000.dpu: driver probed
Apr 23 15:48:12 apalis-imx8 kernel[610]: [    2.724752] ahci-imx 5f020000.sata: phy impedance ratio is not specified.
Apr 23 15:48:12 apalis-imx8 kernel[610]: [    2.731603] ahci-imx 5f020000.sata: No cache used with register defaults set!
Apr 23 15:48:12 apalis-imx8 kernel[610]: [    2.738909] ahci-imx 5f020000.sata: 5f020000.sata supply ahci not found, using dummy regulator
Apr 23 15:48:12 apalis-imx8 kernel[610]: [    2.747571] ahci-imx 5f020000.sata: 5f020000.sata supply phy not found, using dummy regulator
Apr 23 15:48:12 apalis-imx8 kernel[610]: [    2.756140] ahci-imx 5f020000.sata: 5f020000.sata supply target not found, using dummy regulator
Apr 23 15:48:12 apalis-imx8 kernel[610]: [    2.765127] ahci-imx 5f020000.sata: external osc is used.
Apr 23 15:48:12 apalis-imx8 kernel[610]: [    2.773363] ahci-imx 5f020000.sata: no ahb clock.
Apr 23 15:48:12 apalis-imx8 kernel[610]: [    2.778120] ahci-imx 5f020000.sata: AHCI 0001.0301 32 slots 1 ports 6 Gbps 0x1 impl platform mode
Apr 23 15:48:12 apalis-imx8 kernel[610]: [    2.787010] ahci-imx 5f020000.sata: flags: 64bit ncq sntf pm clo only pmp fbs pio slum part ccc sadm sds apst
Apr 23 15:48:12 apalis-imx8 kernel[610]: [    2.797909] scsi host0: ahci-imx
Apr 23 15:48:12 apalis-imx8 kernel[610]: [    2.801359] ata1: SATA max UDMA/133 mmio [mem 0x5f020000-0x5f02ffff] port 0x100 irq 106
Apr 23 15:48:12 apalis-imx8 kernel[610]: [    2.824485] pps pps0: new PPS source ptp0
Apr 23 15:48:12 apalis-imx8 kernel[610]: [    2.830268] libphy: fec_enet_mii_bus: probed
Apr 23 15:48:12 apalis-imx8 kernel[610]: [    2.836228] fec 5b040000.ethernet eth0: registered PHC device 0
Apr 23 15:48:12 apalis-imx8 kernel[610]: [    2.845938]  xhci-cdns3: xHCI Host Controller
Apr 23 15:48:12 apalis-imx8 kernel[610]: [    2.850325]  xhci-cdns3: new USB bus registered, assigned bus number 1
Apr 23 15:48:12 apalis-imx8 kernel[610]: [    2.858185]  xhci-cdns3: hcc params 0x200073c8 hci version 0x100 quirks 0x0000001000018010
Apr 23 15:48:12 apalis-imx8 kernel[610]: [    2.866926] hub 1-0:1.0: USB hub found
Apr 23 15:48:12 apalis-imx8 kernel[610]: [    2.870726] hub 1-0:1.0: 1 port detected
Apr 23 15:48:12 apalis-imx8 kernel[610]: [    2.874860]  xhci-cdns3: xHCI Host Controller
Apr 23 15:48:12 apalis-imx8 kernel[610]: [    2.879248]  xhci-cdns3: new USB bus registered, assigned bus number 2
Apr 23 15:48:12 apalis-imx8 kernel[610]: [    2.885801]  xhci-cdns3: Host supports USB 3.0 SuperSpeed
Apr 23 15:48:12 apalis-imx8 kernel[610]: [    2.891250] usb usb2: We don't know the algorithms for LPM for this host, disabling LPM.
